#
# There is insufficient memory for the Java Runtime Environment to continue.
# Native memory allocation (malloc) failed to allocate 842736 bytes for Chunk::new
# Possible reasons:
#   The system is out of physical RAM or swap space
#   The process is running with CompressedOops enabled, and the Java Heap may be blocking the growth of the native heap
# Possible solutions:
#   Reduce memory load on the system
#   Increase physical memory or swap space
#   Check if swap backing store is full
#   Decrease Java heap size (-Xmx/-Xms)
#   Decrease number of Java threads
#   Decrease Java thread stack sizes (-Xss)
#   Set larger code cache with -XX:ReservedCodeCacheSize=
#   JVM is running with Unscaled Compressed Oops mode in which the Java heap is
#     placed in the first 4GB address space. The Java Heap base address is the
#     maximum limit for the native heap growth. Please use -XX:HeapBaseMinAddress
#     to set the Java Heap base and to place the Java Heap above 4GB virtual address.
# This output file may be truncated or incomplete.
#
#  Out of Memory Error (arena.cpp:189), pid=12472, tid=31068
#
# JRE version: Java(TM) SE Runtime Environment (17.0.12+8) (build 17.0.12+8-LTS-286)
# Java VM: Java HotSpot(TM) 64-Bit Server VM (17.0.12+8-LTS-286, mixed mode, sharing, tiered, compressed oops, compressed class ptrs, g1 gc, windows-amd64)
# No core dump will be written. Minidumps are not enabled by default on client versions of Windows
#

---------------  S U M M A R Y ------------

Command Line: --add-opens=java.base/java.lang=ALL-UNNAMED --add-opens=java.base/java.lang.invoke=ALL-UNNAMED --add-opens=java.base/java.util=ALL-UNNAMED --add-opens=java.prefs/java.util.prefs=ALL-UNNAMED --add-exports=jdk.compiler/com.sun.tools.javac.api=ALL-UNNAMED --add-exports=jdk.compiler/com.sun.tools.javac.util=ALL-UNNAMED --add-opens=java.base/java.util=ALL-UNNAMED --add-opens=java.prefs/java.util.prefs=ALL-UNNAMED --add-opens=java.base/java.nio.charset=ALL-UNNAMED --add-opens=java.base/java.net=ALL-UNNAMED --add-opens=java.base/java.util.concurrent.atomic=ALL-UNNAMED --add-opens=java.xml/javax.xml.namespace=ALL-UNNAMED -Xmx1536m -Dfile.encoding=UTF-8 -Duser.country=IN -Duser.language=en -Duser.variant -javaagent:C:\Users\rajba\.gradle\wrapper\dists\gradle-8.14.3-all\10utluxaxniiv4wxiphsi49nj\gradle-8.14.3\lib\agents\gradle-instrumentation-agent-8.14.3.jar org.gradle.launcher.daemon.bootstrap.GradleDaemon 8.14.3

Host: AMD Ryzen 7 4800H with Radeon Graphics         , 16 cores, 23G,  Windows 11 , 64 bit Build 26100 (10.0.26100.9444)
Time: Mon Oct  5 23:13:17 2026 India Standard Time elapsed time: 401.605905 seconds (0d 0h 6m 41s)

---------------  T H R E A D  ---------------

Current thread (0x0000014ca37a57e0):  JavaThread "C2 CompilerThread0" daemon [_thread_in_native, id=31068, stack(0x0000002d0c100000,0x0000002d0c200000)]


Current CompileTask:
C2: 401606 10450       4       org.gradle.internal.reflect.ClassInspector::inspectClass (179 bytes)

Stack: [0x0000002d0c100000,0x0000002d0c200000]
Native frames: (J=compiled Java code, j=interpreted, Vv=VM code, C=native code)
V  [jvm.dll+0x67a04a]
V  [jvm.dll+0x7da4ed]
V  [jvm.dll+0x7dbe33]
V  [jvm.dll+0x7dc4a3]
V  [jvm.dll+0x24508f]
V  [jvm.dll+0xab773]
V  [jvm.dll+0xabd3c]
V  [jvm.dll+0x361b9f]
V  [jvm.dll+0x1ba64a]
V  [jvm.dll+0x216997]
V  [jvm.dll+0x215c6f]
V  [jvm.dll+0x1a2960]
V  [jvm.dll+0x22610b]
V  [jvm.dll+0x2242ab]
V  [jvm.dll+0x79075c]
V  [jvm.dll+0x78abea]
V  [jvm.dll+0x678f35]
C  [ucrtbase.dll+0x2cd30]
C  [KERNEL32.DLL+0x2cd87]
C  [ntdll.dll+0xacaec]


---------------  P R O C E S S  ---------------

Threads class SMR info:
_java_thread_list=0x0000014cec21caa0, length=96, elements={
0x0000014c85dd7250, 0x0000014ca3788e60, 0x0000014ca378c0c0, 0x0000014ca379d0f0,
0x0000014ca37a05f0, 0x0000014ca37a0ad0, 0x0000014ca37a4fd0, 0x0000014ca37a57e0,
0x0000014ca37a7490, 0x0000014ca37dd6a0, 0x0000014ca3860ab0, 0x0000014ca3a19f60,
0x0000014ce9f99e40, 0x0000014ce9f914c0, 0x0000014ca3918530, 0x0000014ca3af8de0,
0x0000014ce9520010, 0x0000014ce9520a30, 0x0000014ce9520520, 0x0000014ce951f0e0,
0x0000014ce951f5f0, 0x0000014ce951fb00, 0x0000014ceafe7940, 0x0000014ceafe5ff0,
0x0000014ceafe7430, 0x0000014ceafe6f20, 0x0000014ceafe6500, 0x0000014ceafe46a0,
0x0000014ceafe8360, 0x0000014ceafe4bb0, 0x0000014ceafe8870, 0x0000014ceafe50c0,
0x0000014ceafe8d80, 0x0000014ceafea1c0, 0x0000014ceafe9cb0, 0x0000014ceafeabe0,
0x0000014ceafeb600, 0x0000014ceae5a9a0, 0x0000014ceae5aeb0, 0x0000014ceae5b3c0,
0x0000014ceae5b8d0, 0x0000014ceae5c2f0, 0x0000014ceae59050, 0x0000014ceae59560,
0x0000014ceae5c800, 0x0000014ceae5d730, 0x0000014ceae5cd10, 0x0000014ceae5a490,
0x0000014ceae5d220, 0x0000014ceae59f80, 0x0000014ceae5f590, 0x0000014ceae5dc40,
0x0000014ceae5e150, 0x0000014ceae5e660, 0x0000014ceae5faa0, 0x0000014ceae5ffb0,
0x0000014ceae604c0, 0x0000014ceae5eb70, 0x0000014ceae609d0, 0x0000014cec2f6b80,
0x0000014cec2fa330, 0x0000014cec2f89e0, 0x0000014cec2f9400, 0x0000014cec2f8ef0,
0x0000014cec2f9910, 0x0000014ced3edb30, 0x0000014ced3ecc00, 0x0000014ced3ed620,
0x0000014ced3ee040, 0x0000014ced3ee550, 0x0000014ceb3d6bf0, 0x0000014ceb3d61d0,
0x0000014ceb3d7610, 0x0000014ceb3d66e0, 0x0000014ceb3d7b20, 0x0000014ceb3d7100,
0x0000014cec10d210, 0x0000014cec10dc30, 0x0000014cec10bdd0, 0x0000014cec10c2e0,
0x0000014cec10aea0, 0x0000014cec10d720, 0x0000014cec10e140, 0x0000014cec10a990,
0x0000014cec10c7f0, 0x0000014cec10cd00, 0x0000014cec10b3b0, 0x0000014cec10b8c0,
0x0000014ceae87a90, 0x0000014ceae87fa0, 0x0000014ceae8a310, 0x0000014ceae87580,
0x0000014ceae8a820, 0x0000014ceae87070, 0x0000014ceae898f0, 0x0000014ceca8f950
}

Java Threads: ( => current thread )
  0x0000014c85dd7250 JavaThread "main" [_thread_blocked, id=13224, stack(0x0000002d0b400000,0x0000002d0b500000)]
  0x0000014ca3788e60 JavaThread "Reference Handler" daemon [_thread_blocked, id=31148, stack(0x0000002d0bb00000,0x0000002d0bc00000)]
  0x0000014ca378c0c0 JavaThread "Finalizer" daemon [_thread_blocked, id=31108, stack(0x0000002d0bc00000,0x0000002d0bd00000)]
  0x0000014ca379d0f0 JavaThread "Signal Dispatcher" daemon [_thread_blocked, id=9160, stack(0x0000002d0bd00000,0x0000002d0be00000)]
  0x0000014ca37a05f0 JavaThread "Attach Listener" daemon [_thread_blocked, id=14464, stack(0x0000002d0be00000,0x0000002d0bf00000)]
  0x0000014ca37a0ad0 JavaThread "Service Thread" daemon [_thread_blocked, id=29952, stack(0x0000002d0bf00000,0x0000002d0c000000)]
  0x0000014ca37a4fd0 JavaThread "Monitor Deflation Thread" daemon [_thread_blocked, id=31096, stack(0x0000002d0c000000,0x0000002d0c100000)]
=>0x0000014ca37a57e0 JavaThread "C2 CompilerThread0" daemon [_thread_in_native, id=31068, stack(0x0000002d0c100000,0x0000002d0c200000)]
  0x0000014ca37a7490 JavaThread "C1 CompilerThread0" daemon [_thread_blocked, id=31140, stack(0x0000002d0c200000,0x0000002d0c300000)]
  0x0000014ca37dd6a0 JavaThread "Sweeper thread" daemon [_thread_blocked, id=31216, stack(0x0000002d0c300000,0x0000002d0c400000)]
  0x0000014ca3860ab0 JavaThread "Common-Cleaner" daemon [_thread_blocked, id=28424, stack(0x0000002d0c400000,0x0000002d0c500000)]
  0x0000014ca3a19f60 JavaThread "Notification Thread" daemon [_thread_blocked, id=30424, stack(0x0000002d0c600000,0x0000002d0c700000)]
  0x0000014ce9f99e40 JavaThread "Daemon health stats" [_thread_blocked, id=15044, stack(0x0000002d0c900000,0x0000002d0ca00000)]
  0x0000014ce9f914c0 JavaThread "Incoming local TCP Connector on port 56430" [_thread_in_native, id=32420, stack(0x0000002d0c800000,0x0000002d0c900000)]
  0x0000014ca3918530 JavaThread "Daemon periodic checks" [_thread_blocked, id=32532, stack(0x0000002d0ca00000,0x0000002d0cb00000)]
  0x0000014ca3af8de0 JavaThread "Daemon" [_thread_blocked, id=32536, stack(0x0000002d0d300000,0x0000002d0d400000)]
  0x0000014ce9520010 JavaThread "Handler for socket connection from /127.0.0.1:56430 to /127.0.0.1:56431" [_thread_in_native, id=32556, stack(0x0000002d0d400000,0x0000002d0d500000)]
  0x0000014ce9520a30 JavaThread "Cancel handler" [_thread_blocked, id=30336, stack(0x0000002d0d500000,0x0000002d0d600000)]
  0x0000014ce9520520 JavaThread "Daemon worker" [_thread_in_native, id=29756, stack(0x0000002d0d600000,0x0000002d0d700000)]
  0x0000014ce951f0e0 JavaThread "Asynchronous log dispatcher for DefaultDaemonConnection: socket connection from /127.0.0.1:56430 to /127.0.0.1:56431" [_thread_blocked, id=21712, stack(0x0000002d0d700000,0x0000002d0d800000)]
  0x0000014ce951f5f0 JavaThread "Stdin handler" [_thread_blocked, id=31932, stack(0x0000002d0d800000,0x0000002d0d900000)]
  0x0000014ce951fb00 JavaThread "Daemon client event forwarder" [_thread_blocked, id=30084, stack(0x0000002d0d900000,0x0000002d0da00000)]
  0x0000014ceafe7940 JavaThread "Cache worker for journal cache (C:\Users\rajba\.gradle\caches\journal-1)" [_thread_blocked, id=33552, stack(0x0000002d0da00000,0x0000002d0db00000)]
  0x0000014ceafe5ff0 JavaThread "File lock request listener" [_thread_in_native, id=33568, stack(0x0000002d0db00000,0x0000002d0dc00000)]
  0x0000014ceafe7430 JavaThread "File lock release action executor" [_thread_blocked, id=33596, stack(0x0000002d0dc00000,0x0000002d0dd00000)]
  0x0000014ceafe6f20 JavaThread "Cache worker for file hash cache (C:\Users\rajba\.gradle\caches\8.14.3\fileHashes)" [_thread_blocked, id=33636, stack(0x0000002d0dd00000,0x0000002d0de00000)]
  0x0000014ceafe6500 JavaThread "Cache worker for file hash cache (D:\attendance-app\client\android\.gradle\8.14.3\fileHashes)" [_thread_blocked, id=33072, stack(0x0000002d0df00000,0x0000002d0e000000)]
  0x0000014ceafe46a0 JavaThread "Cache worker for Build Output Cleanup Cache (D:\attendance-app\client\android\.gradle\buildOutputCleanup)" [_thread_blocked, id=28152, stack(0x0000002d0de00000,0x0000002d0df00000)]
  0x0000014ceafe8360 JavaThread "File watcher server" daemon [_thread_in_native, id=24008, stack(0x0000002d0e600000,0x0000002d0e700000)]
  0x0000014ceafe4bb0 JavaThread "File watcher consumer" daemon [_thread_blocked, id=19028, stack(0x0000002d0c500000,0x0000002d0c600000)]
  0x0000014ceafe8870 JavaThread "jar transforms" [_thread_blocked, id=33920, stack(0x0000002d0e700000,0x0000002d0e800000)]
  0x0000014ceafe50c0 JavaThread "jar transforms Thread 2" [_thread_blocked, id=33924, stack(0x0000002d0e800000,0x0000002d0e900000)]
  0x0000014ceafe8d80 JavaThread "jar transforms Thread 3" [_thread_blocked, id=33928, stack(0x0000002d0e900000,0x0000002d0ea00000)]
  0x0000014ceafea1c0 JavaThread "jar transforms Thread 4" [_thread_blocked, id=35008, stack(0x0000002d0b200000,0x0000002d0b300000)]
  0x0000014ceafe9cb0 JavaThread "jar transforms Thread 5" [_thread_blocked, id=36180, stack(0x0000002d0b100000,0x0000002d0b200000)]
  0x0000014ceafeabe0 JavaThread "Cache worker for checksums cache (D:\attendance-app\client\android\.gradle\8.14.3\checksums)" [_thread_blocked, id=29432, stack(0x0000002d0ea00000,0x0000002d0eb00000)]
  0x0000014ceafeb600 JavaThread "Cache worker for file content cache (C:\Users\rajba\.gradle\caches\8.14.3\fileContent)" [_thread_blocked, id=35784, stack(0x0000002d0ed00000,0x0000002d0ee00000)]
  0x0000014ceae5a9a0 JavaThread "jar transforms Thread 6" [_thread_blocked, id=2536, stack(0x0000002d0b300000,0x0000002d0b400000)]
  0x0000014ceae5aeb0 JavaThread "jar transforms Thread 7" [_thread_blocked, id=37292, stack(0x0000002d0ee00000,0x0000002d0ef00000)]
  0x0000014ceae5b3c0 JavaThread "jar transforms Thread 8" [_thread_blocked, id=11756, stack(0x0000002d0ef00000,0x0000002d0f000000)]
  0x0000014ceae5b8d0 JavaThread "jar transforms Thread 9" [_thread_blocked, id=12480, stack(0x0000002d0f000000,0x0000002d0f100000)]
  0x0000014ceae5c2f0 JavaThread "jar transforms Thread 10" [_thread_blocked, id=37172, stack(0x0000002d0f100000,0x0000002d0f200000)]
  0x0000014ceae59050 JavaThread "jar transforms Thread 11" [_thread_blocked, id=38208, stack(0x0000002d0f200000,0x0000002d0f300000)]
  0x0000014ceae59560 JavaThread "jar transforms Thread 12" [_thread_blocked, id=38908, stack(0x0000002d0f400000,0x0000002d0f500000)]
  0x0000014ceae5c800 JavaThread "jar transforms Thread 13" [_thread_blocked, id=38256, stack(0x0000002d0f300000,0x0000002d0f400000)]
  0x0000014ceae5d730 JavaThread "jar transforms Thread 14" [_thread_blocked, id=39312, stack(0x0000002d0f500000,0x0000002d0f600000)]
  0x0000014ceae5cd10 JavaThread "jar transforms Thread 15" [_thread_blocked, id=40792, stack(0x0000002d0f600000,0x0000002d0f700000)]
  0x0000014ceae5a490 JavaThread "jar transforms Thread 16" [_thread_blocked, id=40192, stack(0x0000002d0f700000,0x0000002d0f800000)]
  0x0000014ceae5d220 JavaThread "Cache worker for cache directory md-supplier (C:\Users\rajba\.gradle\caches\8.14.3\md-supplier)" [_thread_blocked, id=44964, stack(0x0000002d0eb00000,0x0000002d0ec00000)]
  0x0000014ceae59f80 JavaThread "Cache worker for cache directory md-rule (C:\Users\rajba\.gradle\caches\8.14.3\md-rule)" [_thread_blocked, id=17440, stack(0x0000002d0f800000,0x0000002d0f900000)]
  0x0000014ceae5f590 JavaThread "Unconstrained build operations" [_thread_blocked, id=48380, stack(0x0000002d0ec00000,0x0000002d0ed00000)]
  0x0000014ceae5dc40 JavaThread "Unconstrained build operations Thread 2" [_thread_blocked, id=48384, stack(0x0000002d0f900000,0x0000002d0fa00000)]
  0x0000014ceae5e150 JavaThread "Unconstrained build operations Thread 3" [_thread_blocked, id=48388, stack(0x0000002d0fa00000,0x0000002d0fb00000)]
  0x0000014ceae5e660 JavaThread "Unconstrained build operations Thread 4" [_thread_blocked, id=48392, stack(0x0000002d0fb00000,0x0000002d0fc00000)]
  0x0000014ceae5faa0 JavaThread "Unconstrained build operations Thread 5" [_thread_blocked, id=48396, stack(0x0000002d0fc00000,0x0000002d0fd00000)]
  0x0000014ceae5ffb0 JavaThread "Unconstrained build operations Thread 6" [_thread_blocked, id=48400, stack(0x0000002d0fd00000,0x0000002d0fe00000)]
  0x0000014ceae604c0 JavaThread "Unconstrained build operations Thread 7" [_thread_blocked, id=48404, stack(0x0000002d0fe00000,0x0000002d0ff00000)]
  0x0000014ceae5eb70 JavaThread "Unconstrained build operations Thread 8" [_thread_blocked, id=48408, stack(0x0000002d0ff00000,0x0000002d10000000)]
  0x0000014ceae609d0 JavaThread "Unconstrained build operations Thread 9" [_thread_blocked, id=48412, stack(0x0000002d10000000,0x0000002d10100000)]
  0x0000014cec2f6b80 JavaThread "Unconstrained build operations Thread 10" [_thread_blocked, id=48416, stack(0x0000002d10100000,0x0000002d10200000)]
  0x0000014cec2fa330 JavaThread "Unconstrained build operations Thread 11" [_thread_blocked, id=48420, stack(0x0000002d10200000,0x0000002d10300000)]
  0x0000014cec2f89e0 JavaThread "Unconstrained build operations Thread 12" [_thread_blocked, id=48424, stack(0x0000002d10300000,0x0000002d10400000)]
  0x0000014cec2f9400 JavaThread "Unconstrained build operations Thread 13" [_thread_blocked, id=48428, stack(0x0000002d10400000,0x0000002d10500000)]
  0x0000014cec2f8ef0 JavaThread "Unconstrained build operations Thread 14" [_thread_blocked, id=48432, stack(0x0000002d10500000,0x0000002d10600000)]
  0x0000014cec2f9910 JavaThread "Unconstrained build operations Thread 15" [_thread_blocked, id=48436, stack(0x0000002d10600000,0x0000002d10700000)]
  0x0000014ced3edb30 JavaThread "Unconstrained build operations Thread 16" [_thread_blocked, id=41048, stack(0x0000002d10700000,0x0000002d10800000)]
  0x0000014ced3ecc00 JavaThread "Unconstrained build operations Thread 17" [_thread_blocked, id=49432, stack(0x0000002d10a00000,0x0000002d10b00000)]
  0x0000014ced3ed620 JavaThread "Unconstrained build operations Thread 18" [_thread_blocked, id=8728, stack(0x0000002d10b00000,0x0000002d10c00000)]
  0x0000014ced3ee040 JavaThread "Unconstrained build operations Thread 19" [_thread_blocked, id=23936, stack(0x0000002d10c00000,0x0000002d10d00000)]
  0x0000014ced3ee550 JavaThread "Unconstrained build operations Thread 20" [_thread_blocked, id=38028, stack(0x0000002d10d00000,0x0000002d10e00000)]
  0x0000014ceb3d6bf0 JavaThread "Unconstrained build operations Thread 21" [_thread_blocked, id=32032, stack(0x0000002d10e00000,0x0000002d10f00000)]
  0x0000014ceb3d61d0 JavaThread "Unconstrained build operations Thread 22" [_thread_blocked, id=39940, stack(0x0000002d10f00000,0x0000002d11000000)]
  0x0000014ceb3d7610 JavaThread "Unconstrained build operations Thread 23" [_thread_blocked, id=26764, stack(0x0000002d11000000,0x0000002d11100000)]
  0x0000014ceb3d66e0 JavaThread "Unconstrained build operations Thread 24" [_thread_blocked, id=47160, stack(0x0000002d11100000,0x0000002d11200000)]
  0x0000014ceb3d7b20 JavaThread "Unconstrained build operations Thread 25" [_thread_blocked, id=37700, stack(0x0000002d11200000,0x0000002d11300000)]
  0x0000014ceb3d7100 JavaThread "Unconstrained build operations Thread 26" [_thread_blocked, id=48588, stack(0x0000002d11300000,0x0000002d11400000)]
  0x0000014cec10d210 JavaThread "Unconstrained build operations Thread 27" [_thread_blocked, id=48592, stack(0x0000002d11400000,0x0000002d11500000)]
  0x0000014cec10dc30 JavaThread "Unconstrained build operations Thread 28" [_thread_blocked, id=49504, stack(0x0000002d11500000,0x0000002d11600000)]
  0x0000014cec10bdd0 JavaThread "Unconstrained build operations Thread 29" [_thread_blocked, id=46892, stack(0x0000002d11600000,0x0000002d11700000)]
  0x0000014cec10c2e0 JavaThread "Unconstrained build operations Thread 30" [_thread_blocked, id=47728, stack(0x0000002d11700000,0x0000002d11800000)]
  0x0000014cec10aea0 JavaThread "Unconstrained build operations Thread 31" [_thread_blocked, id=47136, stack(0x0000002d10900000,0x0000002d10a00000)]
  0x0000014cec10d720 JavaThread "Unconstrained build operations Thread 32" [_thread_blocked, id=44060, stack(0x0000002d11800000,0x0000002d11900000)]
  0x0000014cec10e140 JavaThread "Unconstrained build operations Thread 33" [_thread_blocked, id=28588, stack(0x0000002d11900000,0x0000002d11a00000)]
  0x0000014cec10a990 JavaThread "Unconstrained build operations Thread 34" [_thread_blocked, id=2008, stack(0x0000002d11a00000,0x0000002d11b00000)]
  0x0000014cec10c7f0 JavaThread "Unconstrained build operations Thread 35" [_thread_blocked, id=47220, stack(0x0000002d11b00000,0x0000002d11c00000)]
  0x0000014cec10cd00 JavaThread "Unconstrained build operations Thread 36" [_thread_blocked, id=47224, stack(0x0000002d11c00000,0x0000002d11d00000)]
  0x0000014cec10b3b0 JavaThread "Unconstrained build operations Thread 37" [_thread_blocked, id=47228, stack(0x0000002d11d00000,0x0000002d11e00000)]
  0x0000014cec10b8c0 JavaThread "Unconstrained build operations Thread 38" [_thread_blocked, id=47232, stack(0x0000002d11e00000,0x0000002d11f00000)]
  0x0000014ceae87a90 JavaThread "Unconstrained build operations Thread 39" [_thread_blocked, id=47236, stack(0x0000002d11f00000,0x0000002d12000000)]
  0x0000014ceae87fa0 JavaThread "Unconstrained build operations Thread 40" [_thread_blocked, id=47240, stack(0x0000002d12000000,0x0000002d12100000)]
  0x0000014ceae8a310 JavaThread "Unconstrained build operations Thread 41" [_thread_blocked, id=47244, stack(0x0000002d12100000,0x0000002d12200000)]
  0x0000014ceae87580 JavaThread "Unconstrained build operations Thread 42" [_thread_blocked, id=47256, stack(0x0000002d12200000,0x0000002d12300000)]
  0x0000014ceae8a820 JavaThread "Unconstrained build operations Thread 43" [_thread_blocked, id=47260, stack(0x0000002d12300000,0x0000002d12400000)]
  0x0000014ceae87070 JavaThread "Unconstrained build operations Thread 44" [_thread_blocked, id=47264, stack(0x0000002d12400000,0x0000002d12500000)]
  0x0000014ceae898f0 JavaThread "Unconstrained build operations Thread 45" [_thread_blocked, id=47272, stack(0x0000002d12600000,0x0000002d12700000)]
  0x0000014ceca8f950 JavaThread "Memory manager" [_thread_blocked, id=57548, stack(0x0000002d12500000,0x0000002d12600000)]

Other Threads:
  0x0000014ca3786510 VMThread "VM Thread" [stack: 0x0000002d0ba00000,0x0000002d0bb00000] [id=29836]
  0x0000014ca3a1ac60 WatcherThread [stack: 0x0000002d0c700000,0x0000002d0c800000] [id=31360]
  0x0000014c85e26d10 GCTaskThread "GC Thread#0" [stack: 0x0000002d0b500000,0x0000002d0b600000] [id=24796]
  0x0000014ce92a5290 GCTaskThread "GC Thread#1" [stack: 0x0000002d0cb00000,0x0000002d0cc00000] [id=31508]
  0x0000014ca3b2fc20 GCTaskThread "GC Thread#2" [stack: 0x0000002d0cc00000,0x0000002d0cd00000] [id=31368]
  0x0000014ce90c6200 GCTaskThread "GC Thread#3" [stack: 0x0000002d0cd00000,0x0000002d0ce00000] [id=31316]
  0x0000014ce90c64c0 GCTaskThread "GC Thread#4" [stack: 0x0000002d0ce00000,0x0000002d0cf00000] [id=31312]
  0x0000014ce90c6780 GCTaskThread "GC Thread#5" [stack: 0x0000002d0cf00000,0x0000002d0d000000] [id=28832]
  0x0000014ce90c6a40 GCTaskThread "GC Thread#6" [stack: 0x0000002d0d000000,0x0000002d0d100000] [id=28836]
  0x0000014ce90b0010 GCTaskThread "GC Thread#7" [stack: 0x0000002d0d100000,0x0000002d0d200000] [id=28884]
  0x0000014ce90b02d0 GCTaskThread "GC Thread#8" [stack: 0x0000002d0d200000,0x0000002d0d300000] [id=28892]
  0x0000014ca3953d60 GCTaskThread "GC Thread#9" [stack: 0x0000002d0e000000,0x0000002d0e100000] [id=23264]
  0x0000014ca3954b20 GCTaskThread "GC Thread#10" [stack: 0x0000002d0e100000,0x0000002d0e200000] [id=24172]
  0x0000014ca3953aa0 GCTaskThread "GC Thread#11" [stack: 0x0000002d0e200000,0x0000002d0e300000] [id=32656]
  0x0000014ca39542e0 GCTaskThread "GC Thread#12" [stack: 0x0000002d0e300000,0x0000002d0e400000] [id=28024]
  0x0000014c85e33cd0 ConcurrentGCThread "G1 Main Marker" [stack: 0x0000002d0b600000,0x0000002d0b700000] [id=31100]
  0x0000014c85e37020 ConcurrentGCThread "G1 Conc#0" [stack: 0x0000002d0b700000,0x0000002d0b800000] [id=13100]
  0x0000014ca3952fa0 ConcurrentGCThread "G1 Conc#1" [stack: 0x0000002d0e400000,0x0000002d0e500000] [id=32628]
  0x0000014ca39537e0 ConcurrentGCThread "G1 Conc#2" [stack: 0x0000002d0e500000,0x0000002d0e600000] [id=4344]
  0x0000014c85e9dc50 ConcurrentGCThread "G1 Refine#0" [stack: 0x0000002d0b800000,0x0000002d0b900000] [id=20152]
  0x0000014c85e9e040 ConcurrentGCThread "G1 Service" [stack: 0x0000002d0b900000,0x0000002d0ba00000] [id=10380]

Threads with active compile tasks:
C2 CompilerThread0   401863 10450       4       org.gradle.internal.reflect.ClassInspector::inspectClass (179 bytes)

VM state: not at safepoint (normal execution)

VM Mutex/Monitor currently owned by a thread: None

Heap address: 0x00000000a0000000, size: 1536 MB, Compressed Oops mode: 32-bit

CDS archive(s) mapped at: [0x0000014ca4000000-0x0000014ca4bd0000-0x0000014ca4bd0000), size 12386304, SharedBaseAddress: 0x0000014ca4000000, ArchiveRelocationMode: 1.
Compressed class space mapped at: 0x0000014ca5000000-0x0000014ce5000000, reserved size: 1073741824
Narrow klass base: 0x0000014ca4000000, Narrow klass shift: 0, Narrow klass range: 0x100000000

GC Precious Log:
 CPUs: 16 total, 16 available
 Memory: 23981M
 Large Page Support: Disabled
 NUMA Support: Disabled
 Compressed Oops: Enabled (32-bit)
 Heap Region Size: 1M
 Heap Min Capacity: 8M
 Heap Initial Capacity: 376M
 Heap Max Capacity: 1536M
 Pre-touch: Disabled
 Parallel Workers: 13
 Concurrent Workers: 3
 Concurrent Refinement Workers: 13
 Periodic GC: Disabled

Heap:
 garbage-first heap   total 157696K, used 116084K [0x00000000a0000000, 0x0000000100000000)
  region size 1024K, 44 young (45056K), 4 survivors (4096K)
 Metaspace       used 65413K, committed 66176K, reserved 1114112K
  class space    used 8871K, committed 9216K, reserved 1048576K

Heap Regions: E=young(eden), S=young(survivor), O=old, HS=humongous(starts), HC=humongous(continues), CS=collection set, F=free, OA=open archive, CA=closed archive, TAMS=top-at-mark-start (previous, next)
|   0|0x00000000a0000000, 0x00000000a0100000, 0x00000000a0100000|100%|HS|  |TAMS 0x00000000a0100000, 0x00000000a0000000| Complete 
|   1|0x00000000a0100000, 0x00000000a0200000, 0x00000000a0200000|100%|HC|  |TAMS 0x00000000a0200000, 0x00000000a0100000| Complete 
|   2|0x00000000a0200000, 0x00000000a0300000, 0x00000000a0300000|100%|HC|  |TAMS 0x00000000a0300000, 0x00000000a0200000| Complete 
|   3|0x00000000a0300000, 0x00000000a0400000, 0x00000000a0400000|100%| O|  |TAMS 0x00000000a0400000, 0x00000000a0300000| Untracked 
|   4|0x00000000a0400000, 0x00000000a0500000, 0x00000000a0500000|100%| O|  |TAMS 0x00000000a0500000, 0x00000000a0400000| Untracked 
|   5|0x00000000a0500000, 0x00000000a0600000, 0x00000000a0600000|100%| O|  |TAMS 0x00000000a0600000, 0x00000000a0500000| Untracked 
|   6|0x00000000a0600000, 0x00000000a0700000, 0x00000000a0700000|100%|HS|  |TAMS 0x00000000a0700000, 0x00000000a0600000| Complete 
|   7|0x00000000a0700000, 0x00000000a0800000, 0x00000000a0800000|100%| O|  |TAMS 0x00000000a0800000, 0x00000000a0700000| Untracked 
|   8|0x00000000a0800000, 0x00000000a0900000, 0x00000000a0900000|100%| O|  |TAMS 0x00000000a0900000, 0x00000000a0800000| Untracked 
|   9|0x00000000a0900000, 0x00000000a0a00000, 0x00000000a0a00000|100%| O|  |TAMS 0x00000000a0a00000, 0x00000000a0900000| Untracked 
|  10|0x00000000a0a00000, 0x00000000a0b00000, 0x00000000a0b00000|100%| O|  |TAMS 0x00000000a0b00000, 0x00000000a0a00000| Untracked 
|  11|0x00000000a0b00000, 0x00000000a0c00000, 0x00000000a0c00000|100%| O|  |TAMS 0x00000000a0c00000, 0x00000000a0b00000| Untracked 
|  12|0x00000000a0c00000, 0x00000000a0d00000, 0x00000000a0d00000|100%| O|  |TAMS 0x00000000a0d00000, 0x00000000a0c00000| Untracked 
|  13|0x00000000a0d00000, 0x00000000a0e00000, 0x00000000a0e00000|100%| O|  |TAMS 0x00000000a0e00000, 0x00000000a0d00000| Untracked 
|  14|0x00000000a0e00000, 0x00000000a0f00000, 0x00000000a0f00000|100%| O|  |TAMS 0x00000000a0f00000, 0x00000000a0e00000| Untracked 
|  15|0x00000000a0f00000, 0x00000000a1000000, 0x00000000a1000000|100%| O|  |TAMS 0x00000000a1000000, 0x00000000a0f00000| Untracked 
|  16|0x00000000a1000000, 0x00000000a1100000, 0x00000000a1100000|100%| O|  |TAMS 0x00000000a1100000, 0x00000000a1000000| Untracked 
|  17|0x00000000a1100000, 0x00000000a1200000, 0x00000000a1200000|100%| O|  |TAMS 0x00000000a1200000, 0x00000000a1100000| Untracked 
|  18|0x00000000a1200000, 0x00000000a1300000, 0x00000000a1300000|100%| O|  |TAMS 0x00000000a1300000, 0x00000000a1200000| Untracked 
|  19|0x00000000a1300000, 0x00000000a1400000, 0x00000000a1400000|100%| O|  |TAMS 0x00000000a1400000, 0x00000000a1300000| Untracked 
|  20|0x00000000a1400000, 0x00000000a1500000, 0x00000000a1500000|100%| O|  |TAMS 0x00000000a1500000, 0x00000000a1400000| Untracked 
|  21|0x00000000a1500000, 0x00000000a1600000, 0x00000000a1600000|100%| O|  |TAMS 0x00000000a1600000, 0x00000000a1500000| Untracked 
|  22|0x00000000a1600000, 0x00000000a1700000, 0x00000000a1700000|100%| O|  |TAMS 0x00000000a1700000, 0x00000000a1600000| Untracked 
|  23|0x00000000a1700000, 0x00000000a1800000, 0x00000000a1800000|100%| O|  |TAMS 0x00000000a1800000, 0x00000000a1700000| Untracked 
|  24|0x00000000a1800000, 0x00000000a1900000, 0x00000000a1900000|100%| O|  |TAMS 0x00000000a1900000, 0x00000000a1800000| Untracked 
|  25|0x00000000a1900000, 0x00000000a1a00000, 0x00000000a1a00000|100%| O|  |TAMS 0x00000000a1a00000, 0x00000000a1900000| Untracked 
|  26|0x00000000a1a00000, 0x00000000a1b00000, 0x00000000a1b00000|100%| O|  |TAMS 0x00000000a1b00000, 0x00000000a1a00000| Untracked 
|  27|0x00000000a1b00000, 0x00000000a1c00000, 0x00000000a1c00000|100%| O|  |TAMS 0x00000000a1c00000, 0x00000000a1b00000| Untracked 
|  28|0x00000000a1c00000, 0x00000000a1d00000, 0x00000000a1d00000|100%| O|  |TAMS 0x00000000a1d00000, 0x00000000a1c00000| Untracked 
|  29|0x00000000a1d00000, 0x00000000a1e00000, 0x00000000a1e00000|100%| O|  |TAMS 0x00000000a1e00000, 0x00000000a1d00000| Untracked 
|  30|0x00000000a1e00000, 0x00000000a1f00000, 0x00000000a1f00000|100%| O|  |TAMS 0x00000000a1f00000, 0x00000000a1e00000| Untracked 
|  31|0x00000000a1f00000, 0x00000000a2000000, 0x00000000a2000000|100%| O|  |TAMS 0x00000000a2000000, 0x00000000a1f00000| Untracked 
|  32|0x00000000a2000000, 0x00000000a2100000, 0x00000000a2100000|100%| O|  |TAMS 0x00000000a2100000, 0x00000000a2000000| Untracked 
|  33|0x00000000a2100000, 0x00000000a2200000, 0x00000000a2200000|100%| O|  |TAMS 0x00000000a2200000, 0x00000000a2100000| Untracked 
|  34|0x00000000a2200000, 0x00000000a2300000, 0x00000000a2300000|100%| O|  |TAMS 0x00000000a2300000, 0x00000000a2200000| Untracked 
|  35|0x00000000a2300000, 0x00000000a2400000, 0x00000000a2400000|100%| O|  |TAMS 0x00000000a2400000, 0x00000000a2300000| Untracked 
|  36|0x00000000a2400000, 0x00000000a2500000, 0x00000000a2500000|100%| O|  |TAMS 0x00000000a2500000, 0x00000000a2400000| Untracked 
|  37|0x00000000a2500000, 0x00000000a2600000, 0x00000000a2600000|100%| O|  |TAMS 0x00000000a2600000, 0x00000000a2500000| Untracked 
|  38|0x00000000a2600000, 0x00000000a2700000, 0x00000000a2700000|100%| O|  |TAMS 0x00000000a2700000, 0x00000000a2600000| Untracked 
|  39|0x00000000a2700000, 0x00000000a2800000, 0x00000000a2800000|100%| O|  |TAMS 0x00000000a2800000, 0x00000000a2700000| Untracked 
|  40|0x00000000a2800000, 0x00000000a2900000, 0x00000000a2900000|100%| O|  |TAMS 0x00000000a2900000, 0x00000000a2800000| Untracked 
|  41|0x00000000a2900000, 0x00000000a2a00000, 0x00000000a2a00000|100%| O|  |TAMS 0x00000000a2a00000, 0x00000000a2900000| Untracked 
|  42|0x00000000a2a00000, 0x00000000a2b00000, 0x00000000a2b00000|100%| O|  |TAMS 0x00000000a2b00000, 0x00000000a2a00000| Untracked 
|  43|0x00000000a2b00000, 0x00000000a2b9dc00, 0x00000000a2c00000| 61%| O|  |TAMS 0x00000000a2b9dc00, 0x00000000a2b00000| Untracked 
|  44|0x00000000a2c00000, 0x00000000a2d00000, 0x00000000a2d00000|100%| O|  |TAMS 0x00000000a2c00000, 0x00000000a2c00000| Untracked 
|  45|0x00000000a2d00000, 0x00000000a2e00000, 0x00000000a2e00000|100%| O|  |TAMS 0x00000000a2d00000, 0x00000000a2d00000| Untracked 
|  46|0x00000000a2e00000, 0x00000000a2f00000, 0x00000000a2f00000|100%| O|  |TAMS 0x00000000a2e00000, 0x00000000a2e00000| Untracked 
|  47|0x00000000a2f00000, 0x00000000a3000000, 0x00000000a3000000|100%|HS|  |TAMS 0x00000000a2f00000, 0x00000000a2f00000| Complete 
|  48|0x00000000a3000000, 0x00000000a3100000, 0x00000000a3100000|100%|HS|  |TAMS 0x00000000a3000000, 0x00000000a3000000| Complete 
|  49|0x00000000a3100000, 0x00000000a3200000, 0x00000000a3200000|100%|HS|  |TAMS 0x00000000a3100000, 0x00000000a3100000| Complete 
|  50|0x00000000a3200000, 0x00000000a3300000, 0x00000000a3300000|100%|HS|  |TAMS 0x00000000a3200000, 0x00000000a3200000| Complete 
|  51|0x00000000a3300000, 0x00000000a3400000, 0x00000000a3400000|100%| O|  |TAMS 0x00000000a3300000, 0x00000000a3300000| Untracked 
|  52|0x00000000a3400000, 0x00000000a3500000, 0x00000000a3500000|100%|HS|  |TAMS 0x00000000a3400000, 0x00000000a3400000| Complete 
|  53|0x00000000a3500000, 0x00000000a3600000, 0x00000000a3600000|100%|HS|  |TAMS 0x00000000a3500000, 0x00000000a3500000| Complete 
|  54|0x00000000a3600000, 0x00000000a3700000, 0x00000000a3700000|100%| O|  |TAMS 0x00000000a3600000, 0x00000000a3600000| Untracked 
|  55|0x00000000a3700000, 0x00000000a3800000, 0x00000000a3800000|100%| O|  |TAMS 0x00000000a3700000, 0x00000000a3700000| Untracked 
|  56|0x00000000a3800000, 0x00000000a3900000, 0x00000000a3900000|100%| O|  |TAMS 0x00000000a3800000, 0x00000000a3800000| Untracked 
|  57|0x00000000a3900000, 0x00000000a3a00000, 0x00000000a3a00000|100%| O|  |TAMS 0x00000000a3900000, 0x00000000a3900000| Untracked 
|  58|0x00000000a3a00000, 0x00000000a3b00000, 0x00000000a3b00000|100%| O|  |TAMS 0x00000000a3a00000, 0x00000000a3a00000| Untracked 
|  59|0x00000000a3b00000, 0x00000000a3c00000, 0x00000000a3c00000|100%| O|  |TAMS 0x00000000a3b00000, 0x00000000a3b00000| Untracked 
|  60|0x00000000a3c00000, 0x00000000a3d00000, 0x00000000a3d00000|100%| O|  |TAMS 0x00000000a3c00000, 0x00000000a3c00000| Untracked 
|  61|0x00000000a3d00000, 0x00000000a3e00000, 0x00000000a3e00000|100%| O|  |TAMS 0x00000000a3d00000, 0x00000000a3d00000| Untracked 
|  62|0x00000000a3e00000, 0x00000000a3f00000, 0x00000000a3f00000|100%| O|  |TAMS 0x00000000a3e00000, 0x00000000a3e00000| Untracked 
|  63|0x00000000a3f00000, 0x00000000a4000000, 0x00000000a4000000|100%| O|  |TAMS 0x00000000a3f00000, 0x00000000a3f00000| Untracked 
|  64|0x00000000a4000000, 0x00000000a4100000, 0x00000000a4100000|100%| O|  |TAMS 0x00000000a4000000, 0x00000000a4000000| Untracked 
|  65|0x00000000a4100000, 0x00000000a4200000, 0x00000000a4200000|100%| O|  |TAMS 0x00000000a4100000, 0x00000000a4100000| Untracked 
|  66|0x00000000a4200000, 0x00000000a4300000, 0x00000000a4300000|100%| O|  |TAMS 0x00000000a4200000, 0x00000000a4200000| Untracked 
|  67|0x00000000a4300000, 0x00000000a4400000, 0x00000000a4400000|100%| O|  |TAMS 0x00000000a4300000, 0x00000000a4300000| Untracked 
|  68|0x00000000a4400000, 0x00000000a4500000, 0x00000000a4500000|100%|HS|  |TAMS 0x00000000a4400000, 0x00000000a4400000| Complete 
|  69|0x00000000a4500000, 0x00000000a4600000, 0x00000000a4600000|100%| O|  |TAMS 0x00000000a4500000, 0x00000000a4500000| Untracked 
|  70|0x00000000a4600000, 0x00000000a46e3400, 0x00000000a4700000| 88%| O|  |TAMS 0x00000000a4600000, 0x00000000a4600000| Untracked 
|  71|0x00000000a4700000, 0x00000000a4700000, 0x00000000a4800000|  0%| F|  |TAMS 0x00000000a4700000, 0x00000000a4700000| Untracked 
|  72|0x00000000a4800000, 0x00000000a4800000, 0x00000000a4900000|  0%| F|  |TAMS 0x00000000a4800000, 0x00000000a4800000| Untracked 
|  73|0x00000000a4900000, 0x00000000a4900000, 0x00000000a4a00000|  0%| F|  |TAMS 0x00000000a4900000, 0x00000000a4900000| Untracked 
|  74|0x00000000a4a00000, 0x00000000a4a00000, 0x00000000a4b00000|  0%| F|  |TAMS 0x00000000a4a00000, 0x00000000a4a00000| Untracked 
|  75|0x00000000a4b00000, 0x00000000a4b00000, 0x00000000a4c00000|  0%| F|  |TAMS 0x00000000a4b00000, 0x00000000a4b00000| Untracked 
|  76|0x00000000a4c00000, 0x00000000a4c00000, 0x00000000a4d00000|  0%| F|  |TAMS 0x00000000a4c00000, 0x00000000a4c00000| Untracked 
|  77|0x00000000a4d00000, 0x00000000a4d00000, 0x00000000a4e00000|  0%| F|  |TAMS 0x00000000a4d00000, 0x00000000a4d00000| Untracked 
|  78|0x00000000a4e00000, 0x00000000a4e00000, 0x00000000a4f00000|  0%| F|  |TAMS 0x00000000a4e00000, 0x00000000a4e00000| Untracked 
|  79|0x00000000a4f00000, 0x00000000a4f00000, 0x00000000a5000000|  0%| F|  |TAMS 0x00000000a4f00000, 0x00000000a4f00000| Untracked 
|  80|0x00000000a5000000, 0x00000000a5000000, 0x00000000a5100000|  0%| F|  |TAMS 0x00000000a5000000, 0x00000000a5000000| Untracked 
|  81|0x00000000a5100000, 0x00000000a5100000, 0x00000000a5200000|  0%| F|  |TAMS 0x00000000a5100000, 0x00000000a5100000| Untracked 
|  82|0x00000000a5200000, 0x00000000a5200000, 0x00000000a5300000|  0%| F|  |TAMS 0x00000000a5200000, 0x00000000a5200000| Untracked 
|  83|0x00000000a5300000, 0x00000000a5300000, 0x00000000a5400000|  0%| F|  |TAMS 0x00000000a5300000, 0x00000000a5300000| Untracked 
|  84|0x00000000a5400000, 0x00000000a5400000, 0x00000000a5500000|  0%| F|  |TAMS 0x00000000a5400000, 0x00000000a5400000| Untracked 
|  85|0x00000000a5500000, 0x00000000a5500000, 0x00000000a5600000|  0%| F|  |TAMS 0x00000000a5500000, 0x00000000a5500000| Untracked 
|  86|0x00000000a5600000, 0x00000000a5600000, 0x00000000a5700000|  0%| F|  |TAMS 0x00000000a5600000, 0x00000000a5600000| Untracked 
|  87|0x00000000a5700000, 0x00000000a5700000, 0x00000000a5800000|  0%| F|  |TAMS 0x00000000a5700000, 0x00000000a5700000| Untracked 
|  88|0x00000000a5800000, 0x00000000a5800000, 0x00000000a5900000|  0%| F|  |TAMS 0x00000000a5800000, 0x00000000a5800000| Untracked 
|  89|0x00000000a5900000, 0x00000000a5900000, 0x00000000a5a00000|  0%| F|  |TAMS 0x00000000a5900000, 0x00000000a5900000| Untracked 
|  90|0x00000000a5a00000, 0x00000000a5a00000, 0x00000000a5b00000|  0%| F|  |TAMS 0x00000000a5a00000, 0x00000000a5a00000| Untracked 
|  91|0x00000000a5b00000, 0x00000000a5b00000, 0x00000000a5c00000|  0%| F|  |TAMS 0x00000000a5b00000, 0x00000000a5b00000| Untracked 
|  92|0x00000000a5c00000, 0x00000000a5c00000, 0x00000000a5d00000|  0%| F|  |TAMS 0x00000000a5c00000, 0x00000000a5c00000| Untracked 
|  93|0x00000000a5d00000, 0x00000000a5d00000, 0x00000000a5e00000|  0%| F|  |TAMS 0x00000000a5d00000, 0x00000000a5d00000| Untracked 
|  94|0x00000000a5e00000, 0x00000000a5e00000, 0x00000000a5f00000|  0%| F|  |TAMS 0x00000000a5e00000, 0x00000000a5e00000| Untracked 
|  95|0x00000000a5f00000, 0x00000000a5f00000, 0x00000000a6000000|  0%| F|  |TAMS 0x00000000a5f00000, 0x00000000a5f00000| Untracked 
|  96|0x00000000a6000000, 0x00000000a6000000, 0x00000000a6100000|  0%| F|  |TAMS 0x00000000a6000000, 0x00000000a6000000| Untracked 
|  97|0x00000000a6100000, 0x00000000a6100000, 0x00000000a6200000|  0%| F|  |TAMS 0x00000000a6100000, 0x00000000a6100000| Untracked 
|  98|0x00000000a6200000, 0x00000000a62dc1a0, 0x00000000a6300000| 85%| S|CS|TAMS 0x00000000a6200000, 0x00000000a6200000| Complete 
|  99|0x00000000a6300000, 0x00000000a6400000, 0x00000000a6400000|100%| S|CS|TAMS 0x00000000a6300000, 0x00000000a6300000| Complete 
| 100|0x00000000a6400000, 0x00000000a6500000, 0x00000000a6500000|100%| S|CS|TAMS 0x00000000a6400000, 0x00000000a6400000| Complete 
| 101|0x00000000a6500000, 0x00000000a6600000, 0x00000000a6600000|100%| S|CS|TAMS 0x00000000a6500000, 0x00000000a6500000| Complete 
| 102|0x00000000a6600000, 0x00000000a6600000, 0x00000000a6700000|  0%| F|  |TAMS 0x00000000a6600000, 0x00000000a6600000| Untracked 
| 103|0x00000000a6700000, 0x00000000a6700000, 0x00000000a6800000|  0%| F|  |TAMS 0x00000000a6700000, 0x00000000a6700000| Untracked 
| 104|0x00000000a6800000, 0x00000000a6800000, 0x00000000a6900000|  0%| F|  |TAMS 0x00000000a6800000, 0x00000000a6800000| Untracked 
| 105|0x00000000a6900000, 0x00000000a6900000, 0x00000000a6a00000|  0%| F|  |TAMS 0x00000000a6900000, 0x00000000a6900000| Untracked 
| 106|0x00000000a6a00000, 0x00000000a6a00000, 0x00000000a6b00000|  0%| F|  |TAMS 0x00000000a6a00000, 0x00000000a6a00000| Untracked 
| 107|0x00000000a6b00000, 0x00000000a6b00000, 0x00000000a6c00000|  0%| F|  |TAMS 0x00000000a6b00000, 0x00000000a6b00000| Untracked 
| 108|0x00000000a6c00000, 0x00000000a6c00000, 0x00000000a6d00000|  0%| F|  |TAMS 0x00000000a6c00000, 0x00000000a6c00000| Untracked 
| 109|0x00000000a6d00000, 0x00000000a6d00000, 0x00000000a6e00000|  0%| F|  |TAMS 0x00000000a6d00000, 0x00000000a6d00000| Untracked 
| 110|0x00000000a6e00000, 0x00000000a6e00000, 0x00000000a6f00000|  0%| F|  |TAMS 0x00000000a6e00000, 0x00000000a6e00000| Untracked 
| 111|0x00000000a6f00000, 0x00000000a6f00000, 0x00000000a7000000|  0%| F|  |TAMS 0x00000000a6f00000, 0x00000000a6f00000| Untracked 
| 112|0x00000000a7000000, 0x00000000a7000000, 0x00000000a7100000|  0%| F|  |TAMS 0x00000000a7000000, 0x00000000a7000000| Untracked 
| 113|0x00000000a7100000, 0x00000000a7100000, 0x00000000a7200000|  0%| F|  |TAMS 0x00000000a7100000, 0x00000000a7100000| Untracked 
| 114|0x00000000a7200000, 0x00000000a72863b0, 0x00000000a7300000| 52%| E|  |TAMS 0x00000000a7200000, 0x00000000a7200000| Complete 
| 115|0x00000000a7300000, 0x00000000a7400000, 0x00000000a7400000|100%| E|CS|TAMS 0x00000000a7300000, 0x00000000a7300000| Complete 
| 116|0x00000000a7400000, 0x00000000a7500000, 0x00000000a7500000|100%| E|CS|TAMS 0x00000000a7400000, 0x00000000a7400000| Complete 
| 117|0x00000000a7500000, 0x00000000a7600000, 0x00000000a7600000|100%| E|CS|TAMS 0x00000000a7500000, 0x00000000a7500000| Complete 
| 118|0x00000000a7600000, 0x00000000a7700000, 0x00000000a7700000|100%| E|CS|TAMS 0x00000000a7600000, 0x00000000a7600000| Complete 
| 119|0x00000000a7700000, 0x00000000a7800000, 0x00000000a7800000|100%| E|CS|TAMS 0x00000000a7700000, 0x00000000a7700000| Complete 
| 120|0x00000000a7800000, 0x00000000a7900000, 0x00000000a7900000|100%| E|CS|TAMS 0x00000000a7800000, 0x00000000a7800000| Complete 
| 121|0x00000000a7900000, 0x00000000a7a00000, 0x00000000a7a00000|100%| E|CS|TAMS 0x00000000a7900000, 0x00000000a7900000| Complete 
| 122|0x00000000a7a00000, 0x00000000a7b00000, 0x00000000a7b00000|100%| E|CS|TAMS 0x00000000a7a00000, 0x00000000a7a00000| Complete 
| 123|0x00000000a7b00000, 0x00000000a7c00000, 0x00000000a7c00000|100%| E|CS|TAMS 0x00000000a7b00000, 0x00000000a7b00000| Complete 
| 124|0x00000000a7c00000, 0x00000000a7d00000, 0x00000000a7d00000|100%| E|CS|TAMS 0x00000000a7c00000, 0x00000000a7c00000| Complete 
| 125|0x00000000a7d00000, 0x00000000a7e00000, 0x00000000a7e00000|100%| E|CS|TAMS 0x00000000a7d00000, 0x00000000a7d00000| Complete 
| 126|0x00000000a7e00000, 0x00000000a7f00000, 0x00000000a7f00000|100%| E|CS|TAMS 0x00000000a7e00000, 0x00000000a7e00000| Complete 
| 127|0x00000000a7f00000, 0x00000000a8000000, 0x00000000a8000000|100%| E|CS|TAMS 0x00000000a7f00000, 0x00000000a7f00000| Complete 
| 128|0x00000000a8000000, 0x00000000a8100000, 0x00000000a8100000|100%| E|CS|TAMS 0x00000000a8000000, 0x00000000a8000000| Complete 
| 129|0x00000000a8100000, 0x00000000a8200000, 0x00000000a8200000|100%| E|CS|TAMS 0x00000000a8100000, 0x00000000a8100000| Complete 
| 130|0x00000000a8200000, 0x00000000a8300000, 0x00000000a8300000|100%| E|CS|TAMS 0x00000000a8200000, 0x00000000a8200000| Complete 
| 131|0x00000000a8300000, 0x00000000a8400000, 0x00000000a8400000|100%| E|CS|TAMS 0x00000000a8300000, 0x00000000a8300000| Complete 
| 132|0x00000000a8400000, 0x00000000a8500000, 0x00000000a8500000|100%| E|CS|TAMS 0x00000000a8400000, 0x00000000a8400000| Complete 
| 133|0x00000000a8500000, 0x00000000a8600000, 0x00000000a8600000|100%| E|CS|TAMS 0x00000000a8500000, 0x00000000a8500000| Complete 
| 134|0x00000000a8600000, 0x00000000a8700000, 0x00000000a8700000|100%| E|CS|TAMS 0x00000000a8600000, 0x00000000a8600000| Complete 
| 135|0x00000000a8700000, 0x00000000a8800000, 0x00000000a8800000|100%| E|CS|TAMS 0x00000000a8700000, 0x00000000a8700000| Complete 
| 136|0x00000000a8800000, 0x00000000a8900000, 0x00000000a8900000|100%| E|CS|TAMS 0x00000000a8800000, 0x00000000a8800000| Complete 
| 137|0x00000000a8900000, 0x00000000a8a00000, 0x00000000a8a00000|100%| E|CS|TAMS 0x00000000a8900000, 0x00000000a8900000| Complete 
| 138|0x00000000a8a00000, 0x00000000a8b00000, 0x00000000a8b00000|100%| E|CS|TAMS 0x00000000a8a00000, 0x00000000a8a00000| Complete 
| 139|0x00000000a8b00000, 0x00000000a8c00000, 0x00000000a8c00000|100%| E|CS|TAMS 0x00000000a8b00000, 0x00000000a8b00000| Complete 
| 140|0x00000000a8c00000, 0x00000000a8d00000, 0x00000000a8d00000|100%| E|CS|TAMS 0x00000000a8c00000, 0x00000000a8c00000| Complete 
| 141|0x00000000a8d00000, 0x00000000a8e00000, 0x00000000a8e00000|100%| E|CS|TAMS 0x00000000a8d00000, 0x00000000a8d00000| Complete 
| 142|0x00000000a8e00000, 0x00000000a8f00000, 0x00000000a8f00000|100%| E|CS|TAMS 0x00000000a8e00000, 0x00000000a8e00000| Complete 
| 143|0x00000000a8f00000, 0x00000000a9000000, 0x00000000a9000000|100%| E|CS|TAMS 0x00000000a8f00000, 0x00000000a8f00000| Complete 
| 144|0x00000000a9000000, 0x00000000a9100000, 0x00000000a9100000|100%| E|CS|TAMS 0x00000000a9000000, 0x00000000a9000000| Complete 
| 145|0x00000000a9100000, 0x00000000a9200000, 0x00000000a9200000|100%| E|CS|TAMS 0x00000000a9100000, 0x00000000a9100000| Complete 
| 146|0x00000000a9200000, 0x00000000a9300000, 0x00000000a9300000|100%| E|CS|TAMS 0x00000000a9200000, 0x00000000a9200000| Complete 
| 147|0x00000000a9300000, 0x00000000a9400000, 0x00000000a9400000|100%| E|CS|TAMS 0x00000000a9300000, 0x00000000a9300000| Complete 
| 148|0x00000000a9400000, 0x00000000a9500000, 0x00000000a9500000|100%| E|CS|TAMS 0x00000000a9400000, 0x00000000a9400000| Complete 
| 149|0x00000000a9500000, 0x00000000a9600000, 0x00000000a9600000|100%| E|CS|TAMS 0x00000000a9500000, 0x00000000a9500000| Complete 
| 150|0x00000000a9600000, 0x00000000a9700000, 0x00000000a9700000|100%| E|CS|TAMS 0x00000000a9600000, 0x00000000a9600000| Complete 
| 151|0x00000000a9700000, 0x00000000a9800000, 0x00000000a9800000|100%| E|CS|TAMS 0x00000000a9700000, 0x00000000a9700000| Complete 
| 265|0x00000000b0900000, 0x00000000b0a00000, 0x00000000b0a00000|100%| E|CS|TAMS 0x00000000b0900000, 0x00000000b0900000| Complete 
| 375|0x00000000b7700000, 0x00000000b7800000, 0x00000000b7800000|100%| E|CS|TAMS 0x00000000b7700000, 0x00000000b7700000| Complete 

Card table byte_map: [0x0000014c9d210000,0x0000014c9d510000] _byte_map_base: 0x0000014c9cd10000

Marking Bits (Prev, Next): (CMBitMap*) 0x0000014c85e27240, (CMBitMap*) 0x0000014c85e27280
 Prev Bits: [0x0000014c9d810000, 0x0000014c9f010000)
 Next Bits: [0x0000014c9f010000, 0x0000014ca0810000)

Polling page: 0x0000014c83cf0000

Metaspace:

Usage:
  Non-class:     55.22 MB used.
      Class:      8.66 MB used.
       Both:     63.88 MB used.

Virtual space:
  Non-class space:       64.00 MB reserved,      55.62 MB ( 87%) committed,  1 nodes.
      Class space:        1.00 GB reserved,       9.00 MB ( <1%) committed,  1 nodes.
             Both:        1.06 GB reserved,      64.62 MB (  6%) committed. 

Chunk freelists:
   Non-Class:  8.28 MB
       Class:  7.03 MB
        Both:  15.31 MB

MaxMetaspaceSize: unlimited
CompressedClassSpaceSize: 1.00 GB
Initial GC threshold: 21.00 MB
Current GC threshold: 81.81 MB
CDS: on
MetaspaceReclaimPolicy: balanced
 - commit_granule_bytes: 65536.
 - commit_granule_words: 8192.
 - virtual_space_node_default_size: 8388608.
 - enlarge_chunks_in_place: 1.
 - new_chunks_are_fully_committed: 0.
 - uncommit_free_chunks: 1.
 - use_allocation_guard: 0.
 - handle_deallocations: 1.


Internal statistics:

num_allocs_failed_limit: 6.
num_arena_births: 882.
num_arena_deaths: 0.
num_vsnodes_births: 2.
num_vsnodes_deaths: 0.
num_space_committed: 1034.
num_space_uncommitted: 0.
num_chunks_returned_to_freelist: 6.
num_chunks_taken_from_freelist: 3671.
num_chunk_merges: 6.
num_chunk_splits: 2353.
num_chunks_enlarged: 1511.
num_inconsistent_stats: 0.

CodeHeap 'non-profiled nmethods': size=119168Kb used=5899Kb max_used=5899Kb free=113268Kb
 bounds [0x0000014c95230000, 0x0000014c95800000, 0x0000014c9c690000]
CodeHeap 'profiled nmethods': size=119104Kb used=17249Kb max_used=17878Kb free=101854Kb
 bounds [0x0000014c8d690000, 0x0000014c8e810000, 0x0000014c94ae0000]
CodeHeap 'non-nmethods': size=7488Kb used=2353Kb max_used=4060Kb free=5134Kb
 bounds [0x0000014c94ae0000, 0x0000014c94ef0000, 0x0000014c95230000]
 total_blobs=9809 nmethods=8930 adapters=791
 compilation: enabled
              stopped_count=0, restarted_count=0
 full_count=0

Compilation events (20 events):
Event: 400.783 Thread 0x0000014ca37a57e0 nmethod 10440 0x0000014c957f0890 code [0x0000014c957f0a60, 0x0000014c957f12c8]
Event: 400.783 Thread 0x0000014ca37a7490 10445       3       com.google.common.cache.CacheBuilder$1::recordLoadSuccess (1 bytes)
Event: 400.783 Thread 0x0000014ca37a57e0 10444       4       java.io.ObjectStreamField::getTypeCode (9 bytes)
Event: 400.784 Thread 0x0000014ca37a7490 nmethod 10445 0x0000014c8e016b90 code [0x0000014c8e016d20, 0x0000014c8e016e38]
Event: 400.786 Thread 0x0000014ca37a57e0 nmethod 10444 0x0000014c957f1810 code [0x0000014c957f19a0, 0x0000014c957f1a88]
Event: 400.832 Thread 0x0000014ca37a7490 10446       3       org.gradle.api.internal.plugins.DefaultPluginRegistry$PluginIdLookupCacheKey::equals (63 bytes)
Event: 400.832 Thread 0x0000014ca37a7490 nmethod 10446 0x0000014c8db9ad90 code [0x0000014c8db9af80, 0x0000014c8db9b538]
Event: 400.885 Thread 0x0000014ca37a7490 10447   !   3       org.gradle.internal.typeconversion.ErrorHandlingNotationParser::parseNotation (98 bytes)
Event: 400.887 Thread 0x0000014ca37a7490 nmethod 10447 0x0000014c8deb6590 code [0x0000014c8deb6940, 0x0000014c8deb83d8]
Event: 400.888 Thread 0x0000014ca37a7490 10448       3       org.gradle.internal.classloader.TransformReplacer$JarLoader::getJarFileLocked (96 bytes)
Event: 400.890 Thread 0x0000014ca37a7490 nmethod 10448 0x0000014c8de0fe10 code [0x0000014c8de10180, 0x0000014c8de11858]
Event: 401.161 Thread 0x0000014ca37a57e0 10449       4       org.gradle.internal.reflect.MutableClassDetails::property (41 bytes)
Event: 401.169 Thread 0x0000014ca37a7490 10451       3       sun.reflect.annotation.AnnotationParser::skipMemberValue (11 bytes)
Event: 401.170 Thread 0x0000014ca37a7490 nmethod 10451 0x0000014c8db9a910 code [0x0000014c8db9aac0, 0x0000014c8db9acb8]
Event: 401.170 Thread 0x0000014ca37a7490 10452       3       sun.reflect.annotation.AnnotationParser::skipMemberValue (65 bytes)
Event: 401.170 Thread 0x0000014ca37a7490 nmethod 10452 0x0000014c8deb9a10 code [0x0000014c8deb9c40, 0x0000014c8deba358]
Event: 401.171 Thread 0x0000014ca37a7490 10453   !   3       jdk.proxy1.$Proxy17::annotationType (29 bytes)
Event: 401.172 Thread 0x0000014ca37a7490 nmethod 10453 0x0000014c8e052f90 code [0x0000014c8e053160, 0x0000014c8e053558]
Event: 401.197 Thread 0x0000014ca37a57e0 nmethod 10449 0x0000014c957f1c10 code [0x0000014c957f1de0, 0x0000014c957f29a8]
Event: 401.197 Thread 0x0000014ca37a57e0 10450       4       org.gradle.internal.reflect.ClassInspector::inspectClass (179 bytes)

GC Heap History (20 events):
Event: 283.021 GC heap before
{Heap before GC invocations=24 (full 0):
 garbage-first heap   total 157696K, used 51883K [0x00000000a0000000, 0x0000000100000000)
  region size 1024K, 7 young (7168K), 1 survivors (1024K)
 Metaspace       used 50372K, committed 51008K, reserved 1114112K
  class space    used 6945K, committed 7232K, reserved 1048576K
}
Event: 283.024 GC heap after
{Heap after GC invocations=25 (full 0):
 garbage-first heap   total 157696K, used 47469K [0x00000000a0000000, 0x0000000100000000)
  region size 1024K, 1 young (1024K), 1 survivors (1024K)
 Metaspace       used 50372K, committed 51008K, reserved 1114112K
  class space    used 6945K, committed 7232K, reserved 1048576K
}
Event: 283.291 GC heap before
{Heap before GC invocations=25 (full 0):
 garbage-first heap   total 157696K, used 53613K [0x00000000a0000000, 0x0000000100000000)
  region size 1024K, 8 young (8192K), 1 survivors (1024K)
 Metaspace       used 50415K, committed 51008K, reserved 1114112K
  class space    used 6945K, committed 7232K, reserved 1048576K
}
Event: 283.297 GC heap after
{Heap after GC invocations=26 (full 0):
 garbage-first heap   total 157696K, used 47935K [0x00000000a0000000, 0x0000000100000000)
  region size 1024K, 1 young (1024K), 1 survivors (1024K)
 Metaspace       used 50415K, committed 51008K, reserved 1114112K
  class space    used 6945K, committed 7232K, reserved 1048576K
}
Event: 293.324 GC heap before
{Heap before GC invocations=26 (full 0):
 garbage-first heap   total 157696K, used 61247K [0x00000000a0000000, 0x0000000100000000)
  region size 1024K, 15 young (15360K), 1 survivors (1024K)
 Metaspace       used 50723K, committed 51264K, reserved 1114112K
  class space    used 6970K, committed 7232K, reserved 1048576K
}
Event: 293.327 GC heap after
{Heap after GC invocations=27 (full 0):
 garbage-first heap   total 157696K, used 48514K [0x00000000a0000000, 0x0000000100000000)
  region size 1024K, 2 young (2048K), 2 survivors (2048K)
 Metaspace       used 50723K, committed 51264K, reserved 1114112K
  class space    used 6970K, committed 7232K, reserved 1048576K
}
Event: 298.470 GC heap before
{Heap before GC invocations=27 (full 0):
 garbage-first heap   total 157696K, used 67970K [0x00000000a0000000, 0x0000000100000000)
  region size 1024K, 22 young (22528K), 2 survivors (2048K)
 Metaspace       used 50863K, committed 51456K, reserved 1114112K
  class space    used 6970K, committed 7232K, reserved 1048576K
}
Event: 298.473 GC heap after
{Heap after GC invocations=28 (full 0):
 garbage-first heap   total 157696K, used 49480K [0x00000000a0000000, 0x0000000100000000)
  region size 1024K, 3 young (3072K), 3 survivors (3072K)
 Metaspace       used 50863K, committed 51456K, reserved 1114112K
  class space    used 6970K, committed 7232K, reserved 1048576K
}
Event: 299.919 GC heap before
{Heap before GC invocations=28 (full 0):
 garbage-first heap   total 157696K, used 75080K [0x00000000a0000000, 0x0000000100000000)
  region size 1024K, 29 young (29696K), 3 survivors (3072K)
 Metaspace       used 50892K, committed 51456K, reserved 1114112K
  class space    used 6970K, committed 7232K, reserved 1048576K
}
Event: 299.922 GC heap after
{Heap after GC invocations=29 (full 0):
 garbage-first heap   total 157696K, used 50216K [0x00000000a0000000, 0x0000000100000000)
  region size 1024K, 3 young (3072K), 3 survivors (3072K)
 Metaspace       used 50892K, committed 51456K, reserved 1114112K
  class space    used 6970K, committed 7232K, reserved 1048576K
}
Event: 347.032 GC heap before
{Heap before GC invocations=29 (full 0):
 garbage-first heap   total 157696K, used 92200K [0x00000000a0000000, 0x0000000100000000)
  region size 1024K, 45 young (46080K), 3 survivors (3072K)
 Metaspace       used 51002K, committed 51520K, reserved 1114112K
  class space    used 6987K, committed 7232K, reserved 1048576K
}
Event: 347.036 GC heap after
{Heap after GC invocations=30 (full 0):
 garbage-first heap   total 157696K, used 50674K [0x00000000a0000000, 0x0000000100000000)
  region size 1024K, 4 young (4096K), 4 survivors (4096K)
 Metaspace       used 51002K, committed 51520K, reserved 1114112K
  class space    used 6987K, committed 7232K, reserved 1048576K
}
Event: 385.029 GC heap before
{Heap before GC invocations=30 (full 0):
 garbage-first heap   total 157696K, used 118258K [0x00000000a0000000, 0x0000000100000000)
  region size 1024K, 64 young (65536K), 4 survivors (4096K)
 Metaspace       used 54668K, committed 55296K, reserved 1114112K
  class space    used 7445K, committed 7744K, reserved 1048576K
}
Event: 385.044 GC heap after
{Heap after GC invocations=31 (full 0):
 garbage-first heap   total 157696K, used 64825K [0x00000000a0000000, 0x0000000100000000)
  region size 1024K, 8 young (8192K), 8 survivors (8192K)
 Metaspace       used 54668K, committed 55296K, reserved 1114112K
  class space    used 7445K, committed 7744K, reserved 1048576K
}
Event: 386.858 GC heap before
{Heap before GC invocations=31 (full 0):
 garbage-first heap   total 157696K, used 98617K [0x00000000a0000000, 0x0000000100000000)
  region size 1024K, 42 young (43008K), 8 survivors (8192K)
 Metaspace       used 58076K, committed 58816K, reserved 1114112K
  class space    used 7876K, committed 8192K, reserved 1048576K
}
Event: 386.875 GC heap after
{Heap after GC invocations=32 (full 0):
 garbage-first heap   total 157696K, used 66235K [0x00000000a0000000, 0x0000000100000000)
  region size 1024K, 2 young (2048K), 2 survivors (2048K)
 Metaspace       used 58076K, committed 58816K, reserved 1114112K
  class space    used 7876K, committed 8192K, reserved 1048576K
}
Event: 390.687 GC heap before
{Heap before GC invocations=32 (full 0):
 garbage-first heap   total 157696K, used 131771K [0x00000000a0000000, 0x0000000100000000)
  region size 1024K, 61 young (62464K), 2 survivors (2048K)
 Metaspace       used 62010K, committed 62720K, reserved 1114112K
  class space    used 8427K, committed 8768K, reserved 1048576K
}
Event: 390.701 GC heap after
{Heap after GC invocations=33 (full 0):
 garbage-first heap   total 157696K, used 72296K [0x00000000a0000000, 0x0000000100000000)
  region size 1024K, 7 young (7168K), 7 survivors (7168K)
 Metaspace       used 62010K, committed 62720K, reserved 1114112K
  class space    used 8427K, committed 8768K, reserved 1048576K
}
Event: 396.069 GC heap before
{Heap before GC invocations=33 (full 0):
 garbage-first heap   total 157696K, used 125544K [0x00000000a0000000, 0x0000000100000000)
  region size 1024K, 59 young (60416K), 7 survivors (7168K)
 Metaspace       used 64220K, committed 64960K, reserved 1114112K
  class space    used 8722K, committed 9088K, reserved 1048576K
}
Event: 396.089 GC heap after
{Heap after GC invocations=34 (full 0):
 garbage-first heap   total 157696K, used 76148K [0x00000000a0000000, 0x0000000100000000)
  region size 1024K, 4 young (4096K), 4 survivors (4096K)
 Metaspace       used 64220K, committed 64960K, reserved 1114112K
  class space    used 8722K, committed 9088K, reserved 1048576K
}

Deoptimization events (20 events):
Event: 396.412 Thread 0x0000014ce9520520 Uncommon trap: trap_request=0xffffff45 fr.pc=0x0000014c9532fca8 relative=0x0000000000001288
Event: 396.412 Thread 0x0000014ce9520520 Uncommon trap: reason=unstable_if action=reinterpret pc=0x0000014c9532fca8 method=org.codehaus.groovy.runtime.metaclass.MetaMethodIndex.isOverridden(Lgroovy/lang/MetaMethod;Lgroovy/lang/MetaMethod;)Z @ 52 c2
Event: 396.412 Thread 0x0000014ce9520520 DEOPT PACKING pc=0x0000014c9532fca8 sp=0x0000002d0d6f3450
Event: 396.412 Thread 0x0000014ce9520520 DEOPT UNPACKING pc=0x0000014c94b323a3 sp=0x0000002d0d6f33a8 mode 2
Event: 399.396 Thread 0x0000014ce9520520 Uncommon trap: trap_request=0xffffff76 fr.pc=0x0000014c957e40a0 relative=0x0000000000000080
Event: 399.396 Thread 0x0000014ce9520520 Uncommon trap: reason=predicate action=maybe_recompile pc=0x0000014c957e40a0 method=java.util.TimSort.binarySort([Ljava/lang/Object;IIILjava/util/Comparator;)V @ 34 c2
Event: 399.396 Thread 0x0000014ce9520520 DEOPT PACKING pc=0x0000014c957e40a0 sp=0x0000002d0d6f6590
Event: 399.396 Thread 0x0000014ce9520520 DEOPT UNPACKING pc=0x0000014c94b323a3 sp=0x0000002d0d6f6540 mode 2
Event: 400.495 Thread 0x0000014ce9520520 Uncommon trap: trap_request=0xffffff45 fr.pc=0x0000014c955e2a94 relative=0x0000000000000074
Event: 400.495 Thread 0x0000014ce9520520 Uncommon trap: reason=unstable_if action=reinterpret pc=0x0000014c955e2a94 method=org.gradle.internal.logging.slf4j.OutputEventListenerBackedLogger.isLevelAtMost(Lorg/gradle/api/logging/LogLevel;)Z @ 11 c2
Event: 400.495 Thread 0x0000014ce9520520 DEOPT PACKING pc=0x0000014c955e2a94 sp=0x0000002d0d6f8470
Event: 400.495 Thread 0x0000014ce9520520 DEOPT UNPACKING pc=0x0000014c94b323a3 sp=0x0000002d0d6f8410 mode 2
Event: 400.495 Thread 0x0000014ce9520520 Uncommon trap: trap_request=0xffffffc6 fr.pc=0x0000014c953baae4 relative=0x0000000000000084
Event: 400.495 Thread 0x0000014ce9520520 Uncommon trap: reason=bimorphic_or_optimized_type_check action=maybe_recompile pc=0x0000014c953baae4 method=org.gradle.internal.logging.sink.OutputEventRenderer.onOutput(Lorg/gradle/internal/logging/events/OutputEvent;)V @ 1 c2
Event: 400.495 Thread 0x0000014ce9520520 DEOPT PACKING pc=0x0000014c953baae4 sp=0x0000002d0d6f8400
Event: 400.495 Thread 0x0000014ce9520520 DEOPT UNPACKING pc=0x0000014c94b323a3 sp=0x0000002d0d6f8340 mode 2
Event: 400.495 Thread 0x0000014ce9520520 Uncommon trap: trap_request=0xffffffde fr.pc=0x0000014c95353c88 relative=0x00000000000010a8
Event: 400.495 Thread 0x0000014ce9520520 Uncommon trap: reason=class_check action=maybe_recompile pc=0x0000014c95353c88 method=org.gradle.internal.logging.sink.OutputEventTransformer.onOutput(Lorg/gradle/internal/logging/events/OutputEvent;)V @ 215 c2
Event: 400.495 Thread 0x0000014ce9520520 DEOPT PACKING pc=0x0000014c95353c88 sp=0x0000002d0d6f82c0
Event: 400.495 Thread 0x0000014ce9520520 DEOPT UNPACKING pc=0x0000014c94b323a3 sp=0x0000002d0d6f82b8 mode 2

Classes unloaded (0 events):
No events

Classes redefined (0 events):
No events

Internal exceptions (20 events):
Event: 399.305 Thread 0x0000014ce9520520 Exception <a 'java/lang/ClassNotFoundException'{0x00000000a82dc0f0}: org/gradle/api/JavaVersionCustomizer> (0x00000000a82dc0f0) 
thrown [s\open\src\hotspot\share\classfile\systemDictionary.cpp, line 256]
Event: 399.359 Thread 0x0000014ce9520520 Exception <a 'java/lang/ClassNotFoundException'{0x00000000a81762b0}: com/android/build/gradle/internal/CompileOptions$AgpDecorated_DecoratedBeanInfo> (0x00000000a81762b0) 
thrown [s\open\src\hotspot\share\classfile\systemDictionary.cpp, line 256]
Event: 399.366 Thread 0x0000014ce9520520 Exception <a 'java/lang/ClassNotFoundException'{0x00000000a8182658}: com/android/build/gradle/internal/CompileOptions$AgpDecoratedBeanInfo> (0x00000000a8182658) 
thrown [s\open\src\hotspot\share\classfile\systemDictionary.cpp, line 256]
Event: 399.368 Thread 0x0000014ce9520520 Exception <a 'java/lang/ClassNotFoundException'{0x00000000a818e8b8}: com/android/build/gradle/internal/CompileOptionsBeanInfo> (0x00000000a818e8b8) 
thrown [s\open\src\hotspot\share\classfile\systemDictionary.cpp, line 256]
Event: 399.369 Thread 0x0000014ce9520520 Exception <a 'java/lang/ClassNotFoundException'{0x00000000a819adc0}: com/android/build/gradle/internal/CompileOptionsCustomizer> (0x00000000a819adc0) 
thrown [s\open\src\hotspot\share\classfile\systemDictionary.cpp, line 256]
Event: 399.371 Thread 0x0000014ce9520520 Exception <a 'java/lang/ClassNotFoundException'{0x00000000a81b2150}: com/android/build/gradle/internal/CompileOptions$AgpDecoratedCustomizer> (0x00000000a81b2150) 
thrown [s\open\src\hotspot\share\classfile\systemDictionary.cpp, line 256]
Event: 399.373 Thread 0x0000014ce9520520 Exception <a 'java/lang/ClassNotFoundException'{0x00000000a81c1060}: com/android/build/gradle/internal/CompileOptions$AgpDecorated_DecoratedCustomizer> (0x00000000a81c1060) 
thrown [s\open\src\hotspot\share\classfile\systemDictionary.cpp, line 256]
Event: 400.173 Thread 0x0000014ce9520520 Exception <a 'java/lang/ClassNotFoundException'{0x00000000a7f1da08}: cordova_variables_6nbacsvk95fwq7z4rctgn4155BeanInfo> (0x00000000a7f1da08) 
thrown [s\open\src\hotspot\share\classfile\systemDictionary.cpp, line 256]
Event: 400.175 Thread 0x0000014ce9520520 Exception <a 'java/lang/ClassNotFoundException'{0x00000000a7f25d10}: cordova_variables_6nbacsvk95fwq7z4rctgn4155Customizer> (0x00000000a7f25d10) 
thrown [s\open\src\hotspot\share\classfile\systemDictionary.cpp, line 256]
Event: 400.194 Thread 0x0000014ce9520520 Exception <a 'java/lang/ClassNotFoundException'{0x00000000a7f95010}: org/gradle/plugin/software/internal/SoftwareFeaturesDynamicObject_DecoratedBeanInfo> (0x00000000a7f95010) 
thrown [s\open\src\hotspot\share\classfile\systemDictionary.cpp, line 256]
Event: 400.201 Thread 0x0000014ce9520520 Exception <a 'java/lang/ClassNotFoundException'{0x00000000a7fabcf8}: org/gradle/plugin/software/internal/SoftwareFeaturesDynamicObjectBeanInfo> (0x00000000a7fabcf8) 
thrown [s\open\src\hotspot\share\classfile\systemDictionary.cpp, line 256]
Event: 400.205 Thread 0x0000014ce9520520 Exception <a 'java/lang/ClassNotFoundException'{0x00000000a7fc23c0}: org/gradle/internal/metaobject/AbstractDynamicObjectBeanInfo> (0x00000000a7fc23c0) 
thrown [s\open\src\hotspot\share\classfile\systemDictionary.cpp, line 256]
Event: 400.211 Thread 0x0000014ce9520520 Exception <a 'java/lang/ClassNotFoundException'{0x00000000a7fd8ab0}: org/gradle/internal/metaobject/AbstractDynamicObjectCustomizer> (0x00000000a7fd8ab0) 
thrown [s\open\src\hotspot\share\classfile\systemDictionary.cpp, line 256]
Event: 400.216 Thread 0x0000014ce9520520 Exception <a 'java/lang/ClassNotFoundException'{0x00000000a7ffb9e8}: org/gradle/plugin/software/internal/SoftwareFeaturesDynamicObjectCustomizer> (0x00000000a7ffb9e8) 
thrown [s\open\src\hotspot\share\classfile\systemDictionary.cpp, line 256]
Event: 400.219 Thread 0x0000014ce9520520 Exception <a 'java/lang/ClassNotFoundException'{0x00000000a7e1a4d8}: org/gradle/plugin/software/internal/SoftwareFeaturesDynamicObject_DecoratedCustomizer> (0x00000000a7e1a4d8) 
thrown [s\open\src\hotspot\share\classfile\systemDictionary.cpp, line 256]
Event: 400.318 Thread 0x0000014ce9520520 Exception <a 'java/io/FileNotFoundException'{0x00000000a7ead548}> (0x00000000a7ead548) 
thrown [s\open\src\hotspot\share\prims\jni.cpp, line 516]
Event: 400.357 Thread 0x0000014ce9520520 Exception <a 'java/lang/ClassNotFoundException'{0x00000000a7efdd48}: org/gradle/internal/logging/slf4j/OutputEventListenerBackedLoggerBeanInfo> (0x00000000a7efdd48) 
thrown [s\open\src\hotspot\share\classfile\systemDictionary.cpp, line 256]
Event: 400.362 Thread 0x0000014ce9520520 Exception <a 'java/lang/ClassNotFoundException'{0x00000000a7d12290}: org/gradle/internal/logging/slf4j/BuildOperationAwareLoggerBeanInfo> (0x00000000a7d12290) 
thrown [s\open\src\hotspot\share\classfile\systemDictionary.cpp, line 256]
Event: 400.365 Thread 0x0000014ce9520520 Exception <a 'java/lang/ClassNotFoundException'{0x00000000a7d25d90}: org/gradle/internal/logging/slf4j/BuildOperationAwareLoggerCustomizer> (0x00000000a7d25d90) 
thrown [s\open\src\hotspot\share\classfile\systemDictionary.cpp, line 256]
Event: 400.372 Thread 0x0000014ce9520520 Exception <a 'java/lang/ClassNotFoundException'{0x00000000a7d685b8}: org/gradle/internal/logging/slf4j/OutputEventListenerBackedLoggerCustomizer> (0x00000000a7d685b8) 
thrown [s\open\src\hotspot\share\classfile\systemDictionary.cpp, line 256]

VM Operations (20 events):
Event: 395.791 Executing VM operation: Cleanup
Event: 395.791 Executing VM operation: Cleanup done
Event: 396.045 Executing VM operation: G1CollectForAllocation
Event: 396.089 Executing VM operation: G1CollectForAllocation done
Event: 397.094 Executing VM operation: Cleanup
Event: 397.094 Executing VM operation: Cleanup done
Event: 398.101 Executing VM operation: Cleanup
Event: 398.102 Executing VM operation: Cleanup done
Event: 399.108 Executing VM operation: Cleanup
Event: 399.164 Executing VM operation: Cleanup done
Event: 400.165 Executing VM operation: Cleanup
Event: 400.165 Executing VM operation: Cleanup done
Event: 400.256 Executing VM operation: HandshakeAllThreads
Event: 400.256 Executing VM operation: HandshakeAllThreads done
Event: 400.265 Executing VM operation: HandshakeAllThreads
Event: 400.266 Executing VM operation: HandshakeAllThreads done
Event: 400.300 Executing VM operation: HandshakeAllThreads
Event: 400.309 Executing VM operation: HandshakeAllThreads done
Event: 400.749 Executing VM operation: HandshakeAllThreads
Event: 400.750 Executing VM operation: HandshakeAllThreads done

Events (20 events):
Event: 394.453 Thread 0x0000014ceb3e1b30 Thread added: 0x0000014ceb3e1b30
Event: 394.454 Thread 0x0000014ceb3e2080 Thread added: 0x0000014ceb3e2080
Event: 394.659 Thread 0x0000014ceb3e2080 Thread exited: 0x0000014ceb3e2080
Event: 394.660 Thread 0x0000014ceb3e1b30 Thread exited: 0x0000014ceb3e1b30
Event: 394.792 Thread 0x0000014ceb3e4060 Thread added: 0x0000014ceb3e4060
Event: 394.793 loading class java/beans/IntrospectionException
Event: 394.830 loading class java/beans/IntrospectionException done
Event: 394.852 Thread 0x0000014ceb3e2080 Thread added: 0x0000014ceb3e2080
Event: 397.208 Thread 0x0000014ceb3e2080 Thread exited: 0x0000014ceb3e2080
Event: 397.494 Thread 0x0000014ceb3e4060 Thread exited: 0x0000014ceb3e4060
Event: 399.291 loading class java/lang/EnumBeanInfo
Event: 399.291 loading class java/lang/EnumBeanInfo done
Event: 399.291 loading class java/lang/EnumBeanInfo
Event: 399.291 loading class java/lang/EnumBeanInfo done
Event: 399.291 loading class java/lang/EnumCustomizer
Event: 399.291 loading class java/lang/EnumCustomizer done
Event: 399.291 loading class java/lang/EnumCustomizer
Event: 399.291 loading class java/lang/EnumCustomizer done
Event: 400.284 loading class java/io/LineNumberReader
Event: 400.298 loading class java/io/LineNumberReader done


Dynamic libraries:
0x00007ff77d3d0000 - 0x00007ff77d3e0000 	C:\Program Files\Java\jdk-17\bin\java.exe
0x00007ffdc37c0000 - 0x00007ffdc3a27000 	C:\WINDOWS\SYSTEM32\ntdll.dll
0x00007ffdc2ad0000 - 0x00007ffdc2b9b000 	C:\WINDOWS\System32\KERNEL32.DLL
0x00007ffdc0cc0000 - 0x00007ffdc10c2000 	C:\WINDOWS\System32\KERNELBASE.dll
0x00007ffdc10d0000 - 0x00007ffdc121c000 	C:\WINDOWS\System32\ucrtbase.dll
0x00007ffdbb640000 - 0x00007ffdbb659000 	C:\Program Files\Java\jdk-17\bin\jli.dll
0x00007ffdc1980000 - 0x00007ffdc1a3c000 	C:\WINDOWS\System32\ADVAPI32.dll
0x00007ffdbb6b0000 - 0x00007ffdbb6cb000 	C:\Program Files\Java\jdk-17\bin\VCRUNTIME140.dll
0x00007ffdc1b70000 - 0x00007ffdc1c19000 	C:\WINDOWS\System32\msvcrt.dll
0x00007ffdc2d30000 - 0x00007ffdc2dd9000 	C:\WINDOWS\System32\sechost.dll
0x00007ffdc16d0000 - 0x00007ffdc17e8000 	C:\WINDOWS\System32\RPCRT4.dll
0x00007ffdc28b0000 - 0x00007ffdc2a7f000 	C:\WINDOWS\System32\USER32.dll
0x00007ffdc1420000 - 0x00007ffdc1447000 	C:\WINDOWS\System32\win32u.dll
0x00007ffdc2ee0000 - 0x00007ffdc2f0b000 	C:\WINDOWS\System32\GDI32.dll
0x00007ffdaafc0000 - 0x00007ffdab250000 	C:\WINDOWS\WinSxS\amd64_microsoft.windows.common-controls_6595b64144ccf1df_6.0.26100.9278_none_3e0d1ba8e3303201\COMCTL32.dll
0x00007ffdc1230000 - 0x00007ffdc1359000 	C:\WINDOWS\System32\gdi32full.dll
0x00007ffdc09c0000 - 0x00007ffdc0a63000 	C:\WINDOWS\System32\msvcp_win.dll
0x00007ffdb94b0000 - 0x00007ffdb94bb000 	C:\WINDOWS\SYSTEM32\VERSION.dll
0x00007ffdc2a90000 - 0x00007ffdc2ac1000 	C:\WINDOWS\System32\IMM32.DLL
0x00007ffdbb6a0000 - 0x00007ffdbb6ac000 	C:\Program Files\Java\jdk-17\bin\vcruntime140_1.dll
0x00007ffd786b0000 - 0x00007ffd7873e000 	C:\Program Files\Java\jdk-17\bin\msvcp140.dll
0x00007ffce51f0000 - 0x00007ffce5dd0000 	C:\Program Files\Java\jdk-17\bin\server\jvm.dll
0x00007ffdc2bb0000 - 0x00007ffdc2bb8000 	C:\WINDOWS\System32\PSAPI.DLL
0x00007ffdaf1f0000 - 0x00007ffdaf1fa000 	C:\WINDOWS\SYSTEM32\WSOCK32.dll
0x00007ffdc2be0000 - 0x00007ffdc2c60000 	C:\WINDOWS\System32\WS2_32.dll
0x00007ffdb56d0000 - 0x00007ffdb5706000 	C:\WINDOWS\SYSTEM32\WINMM.dll
0x00007ffdbf690000 - 0x00007ffdbf6ab000 	C:\WINDOWS\SYSTEM32\kernel.appcore.dll
0x00007ffdaf0b0000 - 0x00007ffdaf0ba000 	C:\Program Files\Java\jdk-17\bin\jimage.dll
0x00007ffdb8570000 - 0x00007ffdb87bc000 	C:\WINDOWS\SYSTEM32\DBGHELP.DLL
0x00007ffdc2520000 - 0x00007ffdc28a5000 	C:\WINDOWS\System32\combase.dll
0x00007ffdc1570000 - 0x00007ffdc1649000 	C:\WINDOWS\System32\OLEAUT32.dll
0x00007ffda82d0000 - 0x00007ffda830b000 	C:\WINDOWS\SYSTEM32\dbgcore.DLL
0x00007ffdc1360000 - 0x00007ffdc140c000 	C:\WINDOWS\System32\bcryptPrimitives.dll
0x00007ffdaef90000 - 0x00007ffdaef9e000 	C:\Program Files\Java\jdk-17\bin\instrument.dll
0x00007ffdad640000 - 0x00007ffdad665000 	C:\Program Files\Java\jdk-17\bin\java.dll
0x00007ffd409f0000 - 0x00007ffd40ac7000 	C:\Program Files\Java\jdk-17\bin\jsvml.dll
0x00007ffdc1d80000 - 0x00007ffdc2518000 	C:\WINDOWS\System32\SHELL32.dll
0x00007ffdbe3f0000 - 0x00007ffdbec9e000 	C:\WINDOWS\SYSTEM32\windows.storage.dll
0x00007ffdc1a70000 - 0x00007ffdc1b6b000 	C:\WINDOWS\System32\SHCORE.dll
0x00007ffdc2e70000 - 0x00007ffdc2ed6000 	C:\WINDOWS\System32\shlwapi.dll
0x00007ffdc08e0000 - 0x00007ffdc0909000 	C:\WINDOWS\SYSTEM32\profapi.dll
0x00007ffd93300000 - 0x00007ffd93318000 	C:\Program Files\Java\jdk-17\bin\zip.dll
0x00007ffd922e0000 - 0x00007ffd922f9000 	C:\Program Files\Java\jdk-17\bin\net.dll
0x00007ffdb98c0000 - 0x00007ffdb99ea000 	C:\WINDOWS\SYSTEM32\WINHTTP.dll
0x00007ffdbfc50000 - 0x00007ffdbfcbc000 	C:\WINDOWS\system32\mswsock.dll
0x00007ffd78690000 - 0x00007ffd786a6000 	C:\Program Files\Java\jdk-17\bin\nio.dll
0x00007ffdae500000 - 0x00007ffdae510000 	C:\Program Files\Java\jdk-17\bin\verify.dll
0x00007ffdbb660000 - 0x00007ffdbb687000 	C:\Users\rajba\.gradle\native\1def1411415f61bf3af743bc5b6707747c0891f09f0c88961ee8f79bc544acac\windows-amd64\native-platform.dll
0x00007ffdad730000 - 0x00007ffdad7a8000 	C:\Users\rajba\.gradle\native\0.2.7\x86_64-windows-gnu\gradle-fileevents.dll
0x00007ffdae480000 - 0x00007ffdae48a000 	C:\Program Files\Java\jdk-17\bin\management.dll
0x00007ffdad630000 - 0x00007ffdad63b000 	C:\Program Files\Java\jdk-17\bin\management_ext.dll
0x00007ffdbf020000 - 0x00007ffdbf053000 	C:\WINDOWS\SYSTEM32\IPHLPAPI.DLL
0x00007ffdc2ba0000 - 0x00007ffdc2baa000 	C:\WINDOWS\System32\NSI.dll
0x00007ffdb9d20000 - 0x00007ffdb9d3d000 	C:\WINDOWS\SYSTEM32\dhcpcsvc6.DLL
0x00007ffdb9a70000 - 0x00007ffdb9a95000 	C:\WINDOWS\SYSTEM32\dhcpcsvc.DLL
0x00007ffdbf060000 - 0x00007ffdbf1b8000 	C:\WINDOWS\SYSTEM32\DNSAPI.dll
0x00007ffdbf9e0000 - 0x00007ffdbf9ed000 	C:\WINDOWS\SYSTEM32\DSPARSE.dll
0x00007ffdbff40000 - 0x00007ffdbff5b000 	C:\WINDOWS\SYSTEM32\CRYPTSP.dll
0x00007ffdbf5f0000 - 0x00007ffdbf629000 	C:\WINDOWS\system32\rsaenh.dll
0x00007ffdbfd00000 - 0x00007ffdbfd34000 	C:\WINDOWS\SYSTEM32\USERENV.dll
0x00007ffdc08b0000 - 0x00007ffdc08da000 	C:\WINDOWS\SYSTEM32\bcrypt.dll
0x00007ffdbff60000 - 0x00007ffdbff6c000 	C:\WINDOWS\SYSTEM32\CRYPTBASE.dll
0x00007ffd9b200000 - 0x00007ffd9b20e000 	C:\Program Files\Java\jdk-17\bin\sunmscapi.dll
0x00007ffdc0a70000 - 0x00007ffdc0bee000 	C:\WINDOWS\System32\CRYPT32.dll
0x00007ffdc0180000 - 0x00007ffdc01b0000 	C:\WINDOWS\SYSTEM32\ncrypt.dll
0x00007ffdc0130000 - 0x00007ffdc016f000 	C:\WINDOWS\SYSTEM32\NTASN1.dll
0x00007ffd71aa0000 - 0x00007ffd71aa8000 	C:\WINDOWS\system32\wshunix.dll

dbghelp: loaded successfully - version: 4.0.5 - missing functions: none
symbol engine: initialized successfully - sym options: 0x614 - pdb path: .;C:\Program Files\Java\jdk-17\bin;C:\WINDOWS\SYSTEM32;C:\WINDOWS\WinSxS\amd64_microsoft.windows.common-controls_6595b64144ccf1df_6.0.26100.9278_none_3e0d1ba8e3303201;C:\Program Files\Java\jdk-17\bin\server;C:\Users\rajba\.gradle\native\1def1411415f61bf3af743bc5b6707747c0891f09f0c88961ee8f79bc544acac\windows-amd64;C:\Users\rajba\.gradle\native\0.2.7\x86_64-windows-gnu

VM Arguments:
jvm_args: --add-opens=java.base/java.lang=ALL-UNNAMED --add-opens=java.base/java.lang.invoke=ALL-UNNAMED --add-opens=java.base/java.util=ALL-UNNAMED --add-opens=java.prefs/java.util.prefs=ALL-UNNAMED --add-exports=jdk.compiler/com.sun.tools.javac.api=ALL-UNNAMED --add-exports=jdk.compiler/com.sun.tools.javac.util=ALL-UNNAMED --add-opens=java.base/java.util=ALL-UNNAMED --add-opens=java.prefs/java.util.prefs=ALL-UNNAMED --add-opens=java.base/java.nio.charset=ALL-UNNAMED --add-opens=java.base/java.net=ALL-UNNAMED --add-opens=java.base/java.util.concurrent.atomic=ALL-UNNAMED --add-opens=java.xml/javax.xml.namespace=ALL-UNNAMED -Xmx1536m -Dfile.encoding=UTF-8 -Duser.country=IN -Duser.language=en -Duser.variant -javaagent:C:\Users\rajba\.gradle\wrapper\dists\gradle-8.14.3-all\10utluxaxniiv4wxiphsi49nj\gradle-8.14.3\lib\agents\gradle-instrumentation-agent-8.14.3.jar 
java_command: org.gradle.launcher.daemon.bootstrap.GradleDaemon 8.14.3
java_class_path (initial): C:\Users\rajba\.gradle\wrapper\dists\gradle-8.14.3-all\10utluxaxniiv4wxiphsi49nj\gradle-8.14.3\lib\gradle-daemon-main-8.14.3.jar
Launcher Type: SUN_STANDARD

[Global flags]
     intx CICompilerCount                          = 12                                        {product} {ergonomic}
     uint ConcGCThreads                            = 3                                         {product} {ergonomic}
     uint G1ConcRefinementThreads                  = 13                                        {product} {ergonomic}
   size_t G1HeapRegionSize                         = 1048576                                   {product} {ergonomic}
    uintx GCDrainStackTargetSize                   = 64                                        {product} {ergonomic}
   size_t InitialHeapSize                          = 394264576                                 {product} {ergonomic}
   size_t MarkStackSize                            = 4194304                                   {product} {ergonomic}
   size_t MaxHeapSize                              = 1610612736                                {product} {command line}
   size_t MaxNewSize                               = 965738496                                 {product} {ergonomic}
   size_t MinHeapDeltaBytes                        = 1048576                                   {product} {ergonomic}
   size_t MinHeapSize                              = 8388608                                   {product} {ergonomic}
    uintx NonNMethodCodeHeapSize                   = 7602480                                {pd product} {ergonomic}
    uintx NonProfiledCodeHeapSize                  = 122027880                              {pd product} {ergonomic}
    uintx ProfiledCodeHeapSize                     = 122027880                              {pd product} {ergonomic}
    uintx ReservedCodeCacheSize                    = 251658240                              {pd product} {ergonomic}
     bool SegmentedCodeCache                       = true                                      {product} {ergonomic}
   size_t SoftMaxHeapSize                          = 1610612736                             {manageable} {ergonomic}
     bool UseCompressedClassPointers               = true                           {product lp64_product} {ergonomic}
     bool UseCompressedOops                        = true                           {product lp64_product} {ergonomic}
     bool UseG1GC                                  = true                                      {product} {ergonomic}
     bool UseLargePagesIndividualAllocation        = false                                  {pd product} {ergonomic}

Logging:
Log output configuration:
 #0: stdout all=warning uptime,level,tags
 #1: stderr all=off uptime,level,tags

Environment Variables:
JAVA_HOME=C:\Program Files\Java\jdk-17
PATH=C:\Program Files (x86)\Common Files\Oracle\Java\javapath;C:\Perl64\site\bin;C:\Perl64\bin;C:\Python313\Scripts\;C:\Python313\;C:\Windows\system32;C:\Windows;C:\Windows\System32\Wbem;C:\Windows\System32\WindowsPowerShell\v1.0\;C:\Windows\System32\OpenSSH\;C:\Program Files (x86)\NVIDIA Corporation\PhysX\Common;C:\WINDOWS\system32;C:\WINDOWS;C:\WINDOWS\System32\Wbem;C:\WINDOWS\System32\WindowsPowerShell\v1.0\;C:\WINDOWS\System32\OpenSSH\;C:\Program Files\dotnet\;C:\Program Files\NVIDIA Corporation\NVIDIA app\NvDLISR;C:\Program Files\nodejs\;C:\ProgramData\chocolatey\bin;C:\msys64\ucrt64\bin;C:\WINDOWS\syswow64\config\systemprofile\AppData\Local\Muse Hub\lib;C:\Program Files\Git\cmd;C:\Program Files\Git\mingw64\bin;C:\Program Files\Git\usr\bin;C:\consul;D:\PROJECT\Angular\raj\Connecto\api-gateway-microservice;C:\Apache\Maven\apache-maven-3.9.11\bin;C:\Program Files\Java\jdk-17;C:\Program Files\Java\jdk-17\bin;C:\Program Files\Wireshark;C:\Program Files\PostgreSQL\18\pgAdmin 4\runtime;C:\Users\rajba\anaconda3;C:\Users\rajba\anaconda3\Library\mingw-w64\bin;C:\Users\rajba\anaconda3\Library\usr\bin;C:\Users\rajba\anaconda3\Library\bin;C:\Users\rajba\anaconda3\Scripts;C:\Users\rajba\AppData\Local\Microsoft\WindowsApps;C:\Users\rajba\AppData\Local\Programs\Microsoft VS Code\bin;C:\Users\rajba\AppData\Local\Muse Hub\lib;C:\Users\rajba\AppData\Roaming\npm;C:\msys64\ucrt64\bin;C:\Python313\Scripts;C:\Users\rajba\AppData\Roaming\Python\Python313\Scripts;D:\CODES\PYTHON\New folder\.venv\Scripts;C:\Program Files\Java\jdk-17;C:\Users\rajba\AppData\Local\Programs\Antigravity\bin;C:\Users\rajba\AppData\Local\Programs\Antigravity IDE\bin;C:\Users\rajba\flutter\bin
USERNAME=rajba
OS=Windows_NT
PROCESSOR_IDENTIFIER=AMD64 Family 23 Model 96 Stepping 1, AuthenticAMD



---------------  S Y S T E M  ---------------

OS:
 Windows 11 , 64 bit Build 26100 (10.0.26100.9444)
OS uptime: 0 days 0:18 hours
Hyper-V role detected

CPU: total 16 (initial active 16) (16 cores per cpu, 2 threads per core) family 23 model 96 stepping 1 microcode 0x8600106, cx8, cmov, fxsr, ht, mmx, 3dnowpref, sse, sse2, sse3, ssse3, sse4a, sse4.1, sse4.2, popcnt, lzcnt, tsc, tscinvbit, avx, avx2, aes, clmul, bmi1, bmi2, adx, sha, fma, vzeroupper, clflush, clflushopt, hv

Memory: 4k page, system-wide physical 23981M (330M free)
TotalPageFile size 57130M (AvailPageFile size 1519M)
current process WorkingSet (physical memory assigned to process): 281M, peak: 316M
current process commit charge ("private bytes"): 424M, peak: 556M

vm_info: Java HotSpot(TM) 64-Bit Server VM (17.0.12+8-LTS-286) for windows-amd64 JRE (17.0.12+8-LTS-286), built on Jun  5 2024 06:46:59 by "mach5one" with MS VC++ 17.6 (VS2022)

END.
