#
# There is insufficient memory for the Java Runtime Environment to continue.
# Native memory allocation (malloc) failed to allocate 337056 bytes for Chunk::new
# Possible reasons:
#   The system is out of physical RAM or swap space
#   The process is running with CompressedOops enabled, and the Java Heap may be blocking the growth of the native heap
# Possible solutions:
#   Reduce memory load on the system
#   Increase physical memory or swap space
#   Check if swap backing store is full
#   Decrease Java heap size (-Xmx/-Xms)
#   Decrease number of Java threads
#   Decrease Java thread stack sizes (-Xss)
#   Set larger code cache with -XX:ReservedCodeCacheSize=
#   JVM is running with Unscaled Compressed Oops mode in which the Java heap is
#     placed in the first 4GB address space. The Java Heap base address is the
#     maximum limit for the native heap growth. Please use -XX:HeapBaseMinAddress
#     to set the Java Heap base and to place the Java Heap above 4GB virtual address.
# This output file may be truncated or incomplete.
#
#  Out of Memory Error (arena.cpp:189), pid=39976, tid=47436
#
# JRE version: Java(TM) SE Runtime Environment (17.0.12+8) (build 17.0.12+8-LTS-286)
# Java VM: Java HotSpot(TM) 64-Bit Server VM (17.0.12+8-LTS-286, mixed mode, sharing, tiered, compressed oops, compressed class ptrs, g1 gc, windows-amd64)
# No core dump will be written. Minidumps are not enabled by default on client versions of Windows
#

---------------  S U M M A R Y ------------

Command Line: --add-opens=java.base/java.lang=ALL-UNNAMED --add-opens=java.base/java.lang.invoke=ALL-UNNAMED --add-opens=java.base/java.util=ALL-UNNAMED --add-opens=java.prefs/java.util.prefs=ALL-UNNAMED --add-exports=jdk.compiler/com.sun.tools.javac.api=ALL-UNNAMED --add-exports=jdk.compiler/com.sun.tools.javac.util=ALL-UNNAMED --add-opens=java.base/java.util=ALL-UNNAMED --add-opens=java.prefs/java.util.prefs=ALL-UNNAMED --add-opens=java.base/java.nio.charset=ALL-UNNAMED --add-opens=java.base/java.net=ALL-UNNAMED --add-opens=java.base/java.util.concurrent.atomic=ALL-UNNAMED --add-opens=java.xml/javax.xml.namespace=ALL-UNNAMED -Xmx1536m -Dfile.encoding=UTF-8 -Duser.country=IN -Duser.language=en -Duser.variant -javaagent:C:\Users\rajba\.gradle\wrapper\dists\gradle-8.14.3-all\10utluxaxniiv4wxiphsi49nj\gradle-8.14.3\lib\agents\gradle-instrumentation-agent-8.14.3.jar org.gradle.launcher.daemon.bootstrap.GradleDaemon 8.14.3

Host: AMD Ryzen 7 4800H with Radeon Graphics         , 16 cores, 23G,  Windows 11 , 64 bit Build 26100 (10.0.26100.9444)
Time: Tue Oct  6 20:32:46 2026 India Standard Time elapsed time: 56.018058 seconds (0d 0h 0m 56s)

---------------  T H R E A D  ---------------

Current thread (0x0000026b911c2000):  JavaThread "C2 CompilerThread0" daemon [_thread_in_native, id=47436, stack(0x000000d4e1200000,0x000000d4e1300000)]


Current CompileTask:
C2:  56019 3925       4       java.lang.ClassLoader::postDefineClass (39 bytes)

Stack: [0x000000d4e1200000,0x000000d4e1300000]
Native frames: (J=compiled Java code, j=interpreted, Vv=VM code, C=native code)
V  [jvm.dll+0x67a04a]
V  [jvm.dll+0x7da4ed]
V  [jvm.dll+0x7dbe33]
V  [jvm.dll+0x7dc4a3]
V  [jvm.dll+0x24508f]
V  [jvm.dll+0xab773]
V  [jvm.dll+0xabd3c]
V  [jvm.dll+0x2aa52f]
V  [jvm.dll+0x581eb9]
V  [jvm.dll+0x21f422]
V  [jvm.dll+0x21f81f]
V  [jvm.dll+0x218aa0]
V  [jvm.dll+0x215b65]
V  [jvm.dll+0x1a2960]
V  [jvm.dll+0x22610b]
V  [jvm.dll+0x2242ab]
V  [jvm.dll+0x79075c]
V  [jvm.dll+0x78abea]
V  [jvm.dll+0x678f35]
C  [ucrtbase.dll+0x2cd30]
C  [KERNEL32.DLL+0x2cd87]
C  [ntdll.dll+0xacaec]


---------------  P R O C E S S  ---------------

Threads class SMR info:
_java_thread_list=0x0000026bdb8dacf0, length=32, elements={
0x0000026bf36488b0, 0x0000026b911a9540, 0x0000026b911aab80, 0x0000026b911bc7c0,
0x0000026b911c01b0, 0x0000026b911c0a80, 0x0000026b911c1350, 0x0000026b911c2000,
0x0000026b911c6c20, 0x0000026b911ca0b0, 0x0000026b911fc9e0, 0x0000026b91426db0,
0x0000026b917a77f0, 0x0000026bd7e56040, 0x0000026bd80cea20, 0x0000026bd8561820,
0x0000026b912c9600, 0x0000026bd7d31a50, 0x0000026bd7d31030, 0x0000026bd7d30b20,
0x0000026bd7d31540, 0x0000026bd7d30100, 0x0000026bd7d31f60, 0x0000026bd7d30610,
0x0000026bd7d32e90, 0x0000026bd7d333a0, 0x0000026bd8cbf510, 0x0000026bd8cc1370,
0x0000026bd8cbe5e0, 0x0000026bd8cc0950, 0x0000026bd8cbe0d0, 0x0000026bd8cbeaf0
}

Java Threads: ( => current thread )
  0x0000026bf36488b0 JavaThread "main" [_thread_blocked, id=32520, stack(0x000000d4e0400000,0x000000d4e0500000)]
  0x0000026b911a9540 JavaThread "Reference Handler" daemon [_thread_blocked, id=30680, stack(0x000000d4e0c00000,0x000000d4e0d00000)]
  0x0000026b911aab80 JavaThread "Finalizer" daemon [_thread_blocked, id=31752, stack(0x000000d4e0d00000,0x000000d4e0e00000)]
  0x0000026b911bc7c0 JavaThread "Signal Dispatcher" daemon [_thread_blocked, id=31640, stack(0x000000d4e0e00000,0x000000d4e0f00000)]
  0x0000026b911c01b0 JavaThread "Attach Listener" daemon [_thread_blocked, id=35236, stack(0x000000d4e0f00000,0x000000d4e1000000)]
  0x0000026b911c0a80 JavaThread "Service Thread" daemon [_thread_blocked, id=28312, stack(0x000000d4e1000000,0x000000d4e1100000)]
  0x0000026b911c1350 JavaThread "Monitor Deflation Thread" daemon [_thread_blocked, id=48116, stack(0x000000d4e1100000,0x000000d4e1200000)]
=>0x0000026b911c2000 JavaThread "C2 CompilerThread0" daemon [_thread_in_native, id=47436, stack(0x000000d4e1200000,0x000000d4e1300000)]
  0x0000026b911c6c20 JavaThread "C1 CompilerThread0" daemon [_thread_blocked, id=48108, stack(0x000000d4e1300000,0x000000d4e1400000)]
  0x0000026b911ca0b0 JavaThread "Sweeper thread" daemon [_thread_blocked, id=55096, stack(0x000000d4e1400000,0x000000d4e1500000)]
  0x0000026b911fc9e0 JavaThread "Common-Cleaner" daemon [_thread_blocked, id=49884, stack(0x000000d4e1500000,0x000000d4e1600000)]
  0x0000026b91426db0 JavaThread "Notification Thread" daemon [_thread_blocked, id=39164, stack(0x000000d4e1900000,0x000000d4e1a00000)]
  0x0000026b917a77f0 JavaThread "Daemon health stats" [_thread_blocked, id=34124, stack(0x000000d4e1b00000,0x000000d4e1c00000)]
  0x0000026bd7e56040 JavaThread "Incoming local TCP Connector on port 54177" [_thread_in_native, id=35364, stack(0x000000d4e1700000,0x000000d4e1800000)]
  0x0000026bd80cea20 JavaThread "Daemon periodic checks" [_thread_blocked, id=38956, stack(0x000000d4e1800000,0x000000d4e1900000)]
  0x0000026bd8561820 JavaThread "Daemon" [_thread_blocked, id=31080, stack(0x000000d4e1d00000,0x000000d4e1e00000)]
  0x0000026b912c9600 JavaThread "Handler for socket connection from /127.0.0.1:54177 to /127.0.0.1:54182" [_thread_in_native, id=37408, stack(0x000000d4e2600000,0x000000d4e2700000)]
  0x0000026bd7d31a50 JavaThread "Cancel handler" [_thread_blocked, id=56328, stack(0x000000d4e2900000,0x000000d4e2a00000)]
  0x0000026bd7d31030 JavaThread "Daemon worker" [_thread_in_vm, id=56500, stack(0x000000d4e2800000,0x000000d4e2900000)]
  0x0000026bd7d30b20 JavaThread "Asynchronous log dispatcher for DefaultDaemonConnection: socket connection from /127.0.0.1:54177 to /127.0.0.1:54182" [_thread_blocked, id=56684, stack(0x000000d4e2a00000,0x000000d4e2b00000)]
  0x0000026bd7d31540 JavaThread "Stdin handler" [_thread_blocked, id=56724, stack(0x000000d4e2b00000,0x000000d4e2c00000)]
  0x0000026bd7d30100 JavaThread "Daemon client event forwarder" [_thread_blocked, id=56728, stack(0x000000d4e2c00000,0x000000d4e2d00000)]
  0x0000026bd7d31f60 JavaThread "Cache worker for journal cache (C:\Users\rajba\.gradle\caches\journal-1)" [_thread_blocked, id=57736, stack(0x000000d4e2d00000,0x000000d4e2e00000)]
  0x0000026bd7d30610 JavaThread "File lock request listener" [_thread_in_native, id=57756, stack(0x000000d4e2e00000,0x000000d4e2f00000)]
  0x0000026bd7d32e90 JavaThread "File lock release action executor" [_thread_blocked, id=46512, stack(0x000000d4e2f00000,0x000000d4e3000000)]
  0x0000026bd7d333a0 JavaThread "Cache worker for file hash cache (C:\Users\rajba\.gradle\caches\8.14.3\fileHashes)" [_thread_blocked, id=31164, stack(0x000000d4e3000000,0x000000d4e3100000)]
  0x0000026bd8cbf510 JavaThread "Cache worker for file hash cache (D:\attendance-app\client\android\.gradle\8.14.3\fileHashes)" [_thread_blocked, id=51212, stack(0x000000d4e3500000,0x000000d4e3600000)]
  0x0000026bd8cc1370 JavaThread "Cache worker for Build Output Cleanup Cache (D:\attendance-app\client\android\.gradle\buildOutputCleanup)" [_thread_blocked, id=21584, stack(0x000000d4e3600000,0x000000d4e3700000)]
  0x0000026bd8cbe5e0 JavaThread "File watcher server" daemon [_thread_in_native, id=53760, stack(0x000000d4e3e00000,0x000000d4e3f00000)]
  0x0000026bd8cc0950 JavaThread "File watcher consumer" daemon [_thread_blocked, id=32432, stack(0x000000d4e3f00000,0x000000d4e4000000)]
  0x0000026bd8cbe0d0 JavaThread "jar transforms" [_thread_blocked, id=19984, stack(0x000000d4e3d00000,0x000000d4e3e00000)]
  0x0000026bd8cbeaf0 JavaThread "jar transforms Thread 2" [_thread_blocked, id=58360, stack(0x000000d4e3400000,0x000000d4e3500000)]

Other Threads:
  0x0000026b91281d20 VMThread "VM Thread" [stack: 0x000000d4e0b00000,0x000000d4e0c00000] [id=38244]
  0x0000026bf3649280 WatcherThread [stack: 0x000000d4e1a00000,0x000000d4e1b00000] [id=51780]
  0x0000026bf3696900 GCTaskThread "GC Thread#0" [stack: 0x000000d4e0600000,0x000000d4e0700000] [id=36192]
  0x0000026b91a43c30 GCTaskThread "GC Thread#1" [stack: 0x000000d4e1e00000,0x000000d4e1f00000] [id=29280]
  0x0000026b914d0f60 GCTaskThread "GC Thread#2" [stack: 0x000000d4e1f00000,0x000000d4e2000000] [id=34156]
  0x0000026b9173cca0 GCTaskThread "GC Thread#3" [stack: 0x000000d4e2000000,0x000000d4e2100000] [id=36460]
  0x0000026b91b113b0 GCTaskThread "GC Thread#4" [stack: 0x000000d4e2100000,0x000000d4e2200000] [id=11640]
  0x0000026b91b11670 GCTaskThread "GC Thread#5" [stack: 0x000000d4e2200000,0x000000d4e2300000] [id=23248]
  0x0000026b91b11930 GCTaskThread "GC Thread#6" [stack: 0x000000d4e2300000,0x000000d4e2400000] [id=36752]
  0x0000026b91b11bf0 GCTaskThread "GC Thread#7" [stack: 0x000000d4e2400000,0x000000d4e2500000] [id=17444]
  0x0000026b91b11eb0 GCTaskThread "GC Thread#8" [stack: 0x000000d4e2500000,0x000000d4e2600000] [id=50452]
  0x0000026bd8cab5d0 GCTaskThread "GC Thread#9" [stack: 0x000000d4e3700000,0x000000d4e3800000] [id=31660]
  0x0000026bd8cabb50 GCTaskThread "GC Thread#10" [stack: 0x000000d4e3800000,0x000000d4e3900000] [id=35272]
  0x0000026bd8cabe10 GCTaskThread "GC Thread#11" [stack: 0x000000d4e3900000,0x000000d4e3a00000] [id=21772]
  0x0000026bd8cab050 GCTaskThread "GC Thread#12" [stack: 0x000000d4e3a00000,0x000000d4e3b00000] [id=58180]
  0x0000026bf36a3600 ConcurrentGCThread "G1 Main Marker" [stack: 0x000000d4e0700000,0x000000d4e0800000] [id=14104]
  0x0000026bf36a4dd0 ConcurrentGCThread "G1 Conc#0" [stack: 0x000000d4e0800000,0x000000d4e0900000] [id=42104]
  0x0000026bd8caa810 ConcurrentGCThread "G1 Conc#1" [stack: 0x000000d4e3b00000,0x000000d4e3c00000] [id=53764]
  0x0000026bd8cac0d0 ConcurrentGCThread "G1 Conc#2" [stack: 0x000000d4e3c00000,0x000000d4e3d00000] [id=34312]
  0x0000026bf370e4e0 ConcurrentGCThread "G1 Refine#0" [stack: 0x000000d4e0900000,0x000000d4e0a00000] [id=44516]
  0x0000026b910dc230 ConcurrentGCThread "G1 Service" [stack: 0x000000d4e0a00000,0x000000d4e0b00000] [id=34876]

Threads with active compile tasks:
C2 CompilerThread0    56220 3925       4       java.lang.ClassLoader::postDefineClass (39 bytes)

VM state: not at safepoint (normal execution)

VM Mutex/Monitor currently owned by a thread: None

Heap address: 0x00000000a0000000, size: 1536 MB, Compressed Oops mode: 32-bit

CDS archive(s) mapped at: [0x0000026b92000000-0x0000026b92bd0000-0x0000026b92bd0000), size 12386304, SharedBaseAddress: 0x0000026b92000000, ArchiveRelocationMode: 1.
Compressed class space mapped at: 0x0000026b93000000-0x0000026bd3000000, reserved size: 1073741824
Narrow klass base: 0x0000026b92000000, Narrow klass shift: 0, Narrow klass range: 0x100000000

GC Precious Log:
 CPUs: 16 total, 16 available
 Memory: 23981M
 Large Page Support: Disabled
 NUMA Support: Disabled
 Compressed Oops: Enabled (32-bit)
 Heap Region Size: 1M
 Heap Min Capacity: 8M
 Heap Initial Capacity: 376M
 Heap Max Capacity: 1536M
 Pre-touch: Disabled
 Parallel Workers: 13
 Concurrent Workers: 3
 Concurrent Refinement Workers: 13
 Periodic GC: Disabled

Heap:
 garbage-first heap   total 96256K, used 50900K [0x00000000a0000000, 0x0000000100000000)
  region size 1024K, 29 young (29696K), 3 survivors (3072K)
 Metaspace       used 31813K, committed 32256K, reserved 1114112K
  class space    used 4487K, committed 4672K, reserved 1048576K

Heap Regions: E=young(eden), S=young(survivor), O=old, HS=humongous(starts), HC=humongous(continues), CS=collection set, F=free, OA=open archive, CA=closed archive, TAMS=top-at-mark-start (previous, next)
|   0|0x00000000a0000000, 0x00000000a0100000, 0x00000000a0100000|100%|HS|  |TAMS 0x00000000a0100000, 0x00000000a0000000| Complete 
|   1|0x00000000a0100000, 0x00000000a0200000, 0x00000000a0200000|100%|HC|  |TAMS 0x00000000a0200000, 0x00000000a0100000| Complete 
|   2|0x00000000a0200000, 0x00000000a0300000, 0x00000000a0300000|100%|HC|  |TAMS 0x00000000a0300000, 0x00000000a0200000| Complete 
|   3|0x00000000a0300000, 0x00000000a0400000, 0x00000000a0400000|100%| O|  |TAMS 0x00000000a0400000, 0x00000000a0300000| Untracked 
|   4|0x00000000a0400000, 0x00000000a0500000, 0x00000000a0500000|100%| O|  |TAMS 0x00000000a0500000, 0x00000000a0400000| Untracked 
|   5|0x00000000a0500000, 0x00000000a0600000, 0x00000000a0600000|100%| O|  |TAMS 0x00000000a0600000, 0x00000000a0500000| Untracked 
|   6|0x00000000a0600000, 0x00000000a0700000, 0x00000000a0700000|100%|HS|  |TAMS 0x00000000a0700000, 0x00000000a0600000| Complete 
|   7|0x00000000a0700000, 0x00000000a0800000, 0x00000000a0800000|100%| O|  |TAMS 0x00000000a0700000, 0x00000000a0700000| Untracked 
|   8|0x00000000a0800000, 0x00000000a0900000, 0x00000000a0900000|100%| O|  |TAMS 0x00000000a0900000, 0x00000000a0800000| Untracked 
|   9|0x00000000a0900000, 0x00000000a0a00000, 0x00000000a0a00000|100%| O|  |TAMS 0x00000000a0a00000, 0x00000000a0900000| Untracked 
|  10|0x00000000a0a00000, 0x00000000a0b00000, 0x00000000a0b00000|100%| O|  |TAMS 0x00000000a0b00000, 0x00000000a0a00000| Untracked 
|  11|0x00000000a0b00000, 0x00000000a0c00000, 0x00000000a0c00000|100%| O|  |TAMS 0x00000000a0c00000, 0x00000000a0b00000| Untracked 
|  12|0x00000000a0c00000, 0x00000000a0c9f600, 0x00000000a0d00000| 62%| O|  |TAMS 0x00000000a0c9f600, 0x00000000a0c00000| Untracked 
|  13|0x00000000a0d00000, 0x00000000a0e00000, 0x00000000a0e00000|100%| O|  |TAMS 0x00000000a0d00000, 0x00000000a0d00000| Untracked 
|  14|0x00000000a0e00000, 0x00000000a0f00000, 0x00000000a0f00000|100%| O|  |TAMS 0x00000000a0e00000, 0x00000000a0e00000| Untracked 
|  15|0x00000000a0f00000, 0x00000000a1000000, 0x00000000a1000000|100%| O|  |TAMS 0x00000000a0f00000, 0x00000000a0f00000| Untracked 
|  16|0x00000000a1000000, 0x00000000a1100000, 0x00000000a1100000|100%| O|  |TAMS 0x00000000a1000000, 0x00000000a1000000| Untracked 
|  17|0x00000000a1100000, 0x00000000a1200000, 0x00000000a1200000|100%| O|  |TAMS 0x00000000a1100000, 0x00000000a1100000| Untracked 
|  18|0x00000000a1200000, 0x00000000a1300000, 0x00000000a1300000|100%| O|  |TAMS 0x00000000a1200000, 0x00000000a1200000| Untracked 
|  19|0x00000000a1300000, 0x00000000a1400000, 0x00000000a1400000|100%| O|  |TAMS 0x00000000a1300000, 0x00000000a1300000| Untracked 
|  20|0x00000000a1400000, 0x00000000a1500000, 0x00000000a1500000|100%| O|  |TAMS 0x00000000a1400000, 0x00000000a1400000| Untracked 
|  21|0x00000000a1500000, 0x00000000a1600000, 0x00000000a1600000|100%| O|  |TAMS 0x00000000a1500000, 0x00000000a1500000| Untracked 
|  22|0x00000000a1600000, 0x00000000a1700000, 0x00000000a1700000|100%| O|  |TAMS 0x00000000a1600000, 0x00000000a1600000| Untracked 
|  23|0x00000000a1700000, 0x00000000a1742000, 0x00000000a1800000| 25%| O|  |TAMS 0x00000000a1700000, 0x00000000a1700000| Untracked 
|  24|0x00000000a1800000, 0x00000000a1800000, 0x00000000a1900000|  0%| F|  |TAMS 0x00000000a1800000, 0x00000000a1800000| Untracked 
|  25|0x00000000a1900000, 0x00000000a1900000, 0x00000000a1a00000|  0%| F|  |TAMS 0x00000000a1900000, 0x00000000a1900000| Untracked 
|  26|0x00000000a1a00000, 0x00000000a1a00000, 0x00000000a1b00000|  0%| F|  |TAMS 0x00000000a1a00000, 0x00000000a1a00000| Untracked 
|  27|0x00000000a1b00000, 0x00000000a1b00000, 0x00000000a1c00000|  0%| F|  |TAMS 0x00000000a1b00000, 0x00000000a1b00000| Untracked 
|  28|0x00000000a1c00000, 0x00000000a1c00000, 0x00000000a1d00000|  0%| F|  |TAMS 0x00000000a1c00000, 0x00000000a1c00000| Untracked 
|  29|0x00000000a1d00000, 0x00000000a1d00000, 0x00000000a1e00000|  0%| F|  |TAMS 0x00000000a1d00000, 0x00000000a1d00000| Untracked 
|  30|0x00000000a1e00000, 0x00000000a1e00000, 0x00000000a1f00000|  0%| F|  |TAMS 0x00000000a1e00000, 0x00000000a1e00000| Untracked 
|  31|0x00000000a1f00000, 0x00000000a1f00000, 0x00000000a2000000|  0%| F|  |TAMS 0x00000000a1f00000, 0x00000000a1f00000| Untracked 
|  32|0x00000000a2000000, 0x00000000a2000000, 0x00000000a2100000|  0%| F|  |TAMS 0x00000000a2000000, 0x00000000a2000000| Untracked 
|  33|0x00000000a2100000, 0x00000000a2100000, 0x00000000a2200000|  0%| F|  |TAMS 0x00000000a2100000, 0x00000000a2100000| Untracked 
|  34|0x00000000a2200000, 0x00000000a2200000, 0x00000000a2300000|  0%| F|  |TAMS 0x00000000a2200000, 0x00000000a2200000| Untracked 
|  35|0x00000000a2300000, 0x00000000a23d3df8, 0x00000000a2400000| 82%| S|CS|TAMS 0x00000000a2300000, 0x00000000a2300000| Complete 
|  36|0x00000000a2400000, 0x00000000a2500000, 0x00000000a2500000|100%| S|CS|TAMS 0x00000000a2400000, 0x00000000a2400000| Complete 
|  37|0x00000000a2500000, 0x00000000a2600000, 0x00000000a2600000|100%| S|CS|TAMS 0x00000000a2500000, 0x00000000a2500000| Complete 
|  38|0x00000000a2600000, 0x00000000a2600000, 0x00000000a2700000|  0%| F|  |TAMS 0x00000000a2600000, 0x00000000a2600000| Untracked 
|  39|0x00000000a2700000, 0x00000000a2700000, 0x00000000a2800000|  0%| F|  |TAMS 0x00000000a2700000, 0x00000000a2700000| Untracked 
|  40|0x00000000a2800000, 0x00000000a2800000, 0x00000000a2900000|  0%| F|  |TAMS 0x00000000a2800000, 0x00000000a2800000| Untracked 
|  41|0x00000000a2900000, 0x00000000a2900000, 0x00000000a2a00000|  0%| F|  |TAMS 0x00000000a2900000, 0x00000000a2900000| Untracked 
|  42|0x00000000a2a00000, 0x00000000a2a00000, 0x00000000a2b00000|  0%| F|  |TAMS 0x00000000a2a00000, 0x00000000a2a00000| Untracked 
|  43|0x00000000a2b00000, 0x00000000a2b00000, 0x00000000a2c00000|  0%| F|  |TAMS 0x00000000a2b00000, 0x00000000a2b00000| Untracked 
|  44|0x00000000a2c00000, 0x00000000a2c00000, 0x00000000a2d00000|  0%| F|  |TAMS 0x00000000a2c00000, 0x00000000a2c00000| Untracked 
|  45|0x00000000a2d00000, 0x00000000a2d00000, 0x00000000a2e00000|  0%| F|  |TAMS 0x00000000a2d00000, 0x00000000a2d00000| Untracked 
|  46|0x00000000a2e00000, 0x00000000a2e00000, 0x00000000a2f00000|  0%| F|  |TAMS 0x00000000a2e00000, 0x00000000a2e00000| Untracked 
|  47|0x00000000a2f00000, 0x00000000a2f00000, 0x00000000a3000000|  0%| F|  |TAMS 0x00000000a2f00000, 0x00000000a2f00000| Untracked 
|  48|0x00000000a3000000, 0x00000000a3000000, 0x00000000a3100000|  0%| F|  |TAMS 0x00000000a3000000, 0x00000000a3000000| Untracked 
|  49|0x00000000a3100000, 0x00000000a3100000, 0x00000000a3200000|  0%| F|  |TAMS 0x00000000a3100000, 0x00000000a3100000| Untracked 
|  50|0x00000000a3200000, 0x00000000a3200000, 0x00000000a3300000|  0%| F|  |TAMS 0x00000000a3200000, 0x00000000a3200000| Untracked 
|  51|0x00000000a3300000, 0x00000000a3300000, 0x00000000a3400000|  0%| F|  |TAMS 0x00000000a3300000, 0x00000000a3300000| Untracked 
|  52|0x00000000a3400000, 0x00000000a3400000, 0x00000000a3500000|  0%| F|  |TAMS 0x00000000a3400000, 0x00000000a3400000| Untracked 
|  53|0x00000000a3500000, 0x00000000a3500000, 0x00000000a3600000|  0%| F|  |TAMS 0x00000000a3500000, 0x00000000a3500000| Untracked 
|  54|0x00000000a3600000, 0x00000000a3600000, 0x00000000a3700000|  0%| F|  |TAMS 0x00000000a3600000, 0x00000000a3600000| Untracked 
|  55|0x00000000a3700000, 0x00000000a3700000, 0x00000000a3800000|  0%| F|  |TAMS 0x00000000a3700000, 0x00000000a3700000| Untracked 
|  56|0x00000000a3800000, 0x00000000a3800000, 0x00000000a3900000|  0%| F|  |TAMS 0x00000000a3800000, 0x00000000a3800000| Untracked 
|  57|0x00000000a3900000, 0x00000000a3900000, 0x00000000a3a00000|  0%| F|  |TAMS 0x00000000a3900000, 0x00000000a3900000| Untracked 
|  58|0x00000000a3a00000, 0x00000000a3a00000, 0x00000000a3b00000|  0%| F|  |TAMS 0x00000000a3a00000, 0x00000000a3a00000| Untracked 
|  59|0x00000000a3b00000, 0x00000000a3b00000, 0x00000000a3c00000|  0%| F|  |TAMS 0x00000000a3b00000, 0x00000000a3b00000| Untracked 
|  60|0x00000000a3c00000, 0x00000000a3c00000, 0x00000000a3d00000|  0%| F|  |TAMS 0x00000000a3c00000, 0x00000000a3c00000| Untracked 
|  61|0x00000000a3d00000, 0x00000000a3d00000, 0x00000000a3e00000|  0%| F|  |TAMS 0x00000000a3d00000, 0x00000000a3d00000| Untracked 
|  62|0x00000000a3e00000, 0x00000000a3e00000, 0x00000000a3f00000|  0%| F|  |TAMS 0x00000000a3e00000, 0x00000000a3e00000| Untracked 
|  63|0x00000000a3f00000, 0x00000000a3f00000, 0x00000000a4000000|  0%| F|  |TAMS 0x00000000a3f00000, 0x00000000a3f00000| Untracked 
|  64|0x00000000a4000000, 0x00000000a4000000, 0x00000000a4100000|  0%| F|  |TAMS 0x00000000a4000000, 0x00000000a4000000| Untracked 
|  65|0x00000000a4100000, 0x00000000a4100000, 0x00000000a4200000|  0%| F|  |TAMS 0x00000000a4100000, 0x00000000a4100000| Untracked 
|  66|0x00000000a4200000, 0x00000000a4200000, 0x00000000a4300000|  0%| F|  |TAMS 0x00000000a4200000, 0x00000000a4200000| Untracked 
|  67|0x00000000a4300000, 0x00000000a4300000, 0x00000000a4400000|  0%| F|  |TAMS 0x00000000a4300000, 0x00000000a4300000| Untracked 
|  68|0x00000000a4400000, 0x00000000a44e7258, 0x00000000a4500000| 90%| E|  |TAMS 0x00000000a4400000, 0x00000000a4400000| Complete 
|  69|0x00000000a4500000, 0x00000000a4600000, 0x00000000a4600000|100%| E|  |TAMS 0x00000000a4500000, 0x00000000a4500000| Complete 
|  70|0x00000000a4600000, 0x00000000a4700000, 0x00000000a4700000|100%| E|CS|TAMS 0x00000000a4600000, 0x00000000a4600000| Complete 
|  71|0x00000000a4700000, 0x00000000a4800000, 0x00000000a4800000|100%| E|CS|TAMS 0x00000000a4700000, 0x00000000a4700000| Complete 
|  72|0x00000000a4800000, 0x00000000a4900000, 0x00000000a4900000|100%| E|CS|TAMS 0x00000000a4800000, 0x00000000a4800000| Complete 
|  73|0x00000000a4900000, 0x00000000a4a00000, 0x00000000a4a00000|100%| E|CS|TAMS 0x00000000a4900000, 0x00000000a4900000| Complete 
|  74|0x00000000a4a00000, 0x00000000a4b00000, 0x00000000a4b00000|100%| E|CS|TAMS 0x00000000a4a00000, 0x00000000a4a00000| Complete 
|  75|0x00000000a4b00000, 0x00000000a4c00000, 0x00000000a4c00000|100%| E|CS|TAMS 0x00000000a4b00000, 0x00000000a4b00000| Complete 
|  76|0x00000000a4c00000, 0x00000000a4d00000, 0x00000000a4d00000|100%| E|CS|TAMS 0x00000000a4c00000, 0x00000000a4c00000| Complete 
|  77|0x00000000a4d00000, 0x00000000a4e00000, 0x00000000a4e00000|100%| E|CS|TAMS 0x00000000a4d00000, 0x00000000a4d00000| Complete 
| 262|0x00000000b0600000, 0x00000000b0700000, 0x00000000b0700000|100%| E|CS|TAMS 0x00000000b0600000, 0x00000000b0600000| Complete 
| 263|0x00000000b0700000, 0x00000000b0800000, 0x00000000b0800000|100%| E|CS|TAMS 0x00000000b0700000, 0x00000000b0700000| Complete 
| 264|0x00000000b0800000, 0x00000000b0900000, 0x00000000b0900000|100%| E|CS|TAMS 0x00000000b0800000, 0x00000000b0800000| Complete 
| 265|0x00000000b0900000, 0x00000000b0a00000, 0x00000000b0a00000|100%| E|CS|TAMS 0x00000000b0900000, 0x00000000b0900000| Complete 
| 266|0x00000000b0a00000, 0x00000000b0b00000, 0x00000000b0b00000|100%| E|CS|TAMS 0x00000000b0a00000, 0x00000000b0a00000| Complete 
| 267|0x00000000b0b00000, 0x00000000b0c00000, 0x00000000b0c00000|100%| E|CS|TAMS 0x00000000b0b00000, 0x00000000b0b00000| Complete 
| 268|0x00000000b0c00000, 0x00000000b0d00000, 0x00000000b0d00000|100%| E|CS|TAMS 0x00000000b0c00000, 0x00000000b0c00000| Complete 
| 269|0x00000000b0d00000, 0x00000000b0e00000, 0x00000000b0e00000|100%| E|CS|TAMS 0x00000000b0d00000, 0x00000000b0d00000| Complete 
| 270|0x00000000b0e00000, 0x00000000b0f00000, 0x00000000b0f00000|100%| E|CS|TAMS 0x00000000b0e00000, 0x00000000b0e00000| Complete 
| 271|0x00000000b0f00000, 0x00000000b1000000, 0x00000000b1000000|100%| E|CS|TAMS 0x00000000b0f00000, 0x00000000b0f00000| Complete 
| 272|0x00000000b1000000, 0x00000000b1100000, 0x00000000b1100000|100%| E|CS|TAMS 0x00000000b1000000, 0x00000000b1000000| Complete 
| 273|0x00000000b1100000, 0x00000000b1200000, 0x00000000b1200000|100%| E|CS|TAMS 0x00000000b1100000, 0x00000000b1100000| Complete 
| 372|0x00000000b7400000, 0x00000000b7500000, 0x00000000b7500000|100%| E|CS|TAMS 0x00000000b7400000, 0x00000000b7400000| Complete 
| 373|0x00000000b7500000, 0x00000000b7600000, 0x00000000b7600000|100%| E|CS|TAMS 0x00000000b7500000, 0x00000000b7500000| Complete 
| 374|0x00000000b7600000, 0x00000000b7700000, 0x00000000b7700000|100%| E|CS|TAMS 0x00000000b7600000, 0x00000000b7600000| Complete 
| 375|0x00000000b7700000, 0x00000000b7800000, 0x00000000b7800000|100%| E|CS|TAMS 0x00000000b7700000, 0x00000000b7700000| Complete 

Card table byte_map: [0x0000026bfba90000,0x0000026bfbd90000] _byte_map_base: 0x0000026bfb590000

Marking Bits (Prev, Next): (CMBitMap*) 0x0000026bf3696d10, (CMBitMap*) 0x0000026bf3696cd0
 Prev Bits: [0x0000026bfd890000, 0x0000026bff090000)
 Next Bits: [0x0000026bfc090000, 0x0000026bfd890000)

Polling page: 0x0000026bf1550000

Metaspace:

Usage:
  Non-class:     26.69 MB used.
      Class:      4.38 MB used.
       Both:     31.07 MB used.

Virtual space:
  Non-class space:       64.00 MB reserved,      26.94 MB ( 42%) committed,  1 nodes.
      Class space:        1.00 GB reserved,       4.56 MB ( <1%) committed,  1 nodes.
             Both:        1.06 GB reserved,      31.50 MB (  3%) committed. 

Chunk freelists:
   Non-Class:  5.09 MB
       Class:  11.44 MB
        Both:  16.53 MB

MaxMetaspaceSize: unlimited
CompressedClassSpaceSize: 1.00 GB
Initial GC threshold: 21.00 MB
Current GC threshold: 35.31 MB
CDS: on
MetaspaceReclaimPolicy: balanced
 - commit_granule_bytes: 65536.
 - commit_granule_words: 8192.
 - virtual_space_node_default_size: 8388608.
 - enlarge_chunks_in_place: 1.
 - new_chunks_are_fully_committed: 0.
 - uncommit_free_chunks: 1.
 - use_allocation_guard: 0.
 - handle_deallocations: 1.


Internal statistics:

num_allocs_failed_limit: 5.
num_arena_births: 404.
num_arena_deaths: 0.
num_vsnodes_births: 2.
num_vsnodes_deaths: 0.
num_space_committed: 504.
num_space_uncommitted: 0.
num_chunks_returned_to_freelist: 5.
num_chunks_taken_from_freelist: 1599.
num_chunk_merges: 0.
num_chunk_splits: 1034.
num_chunks_enlarged: 716.
num_inconsistent_stats: 0.

CodeHeap 'non-profiled nmethods': size=119168Kb used=2361Kb max_used=2361Kb free=116806Kb
 bounds [0x0000026b87ba0000, 0x0000026b87e10000, 0x0000026b8f000000]
CodeHeap 'profiled nmethods': size=119104Kb used=8210Kb max_used=8210Kb free=110893Kb
 bounds [0x0000026b80000000, 0x0000026b80810000, 0x0000026b87450000]
CodeHeap 'non-nmethods': size=7488Kb used=1592Kb max_used=3012Kb free=5895Kb
 bounds [0x0000026b87450000, 0x0000026b87840000, 0x0000026b87ba0000]
 total_blobs=4586 nmethods=3928 adapters=570
 compilation: enabled
              stopped_count=0, restarted_count=0
 full_count=0

Compilation events (20 events):
Event: 55.505 Thread 0x0000026bd9bc5ba0 3916       3       java.util.TreeMap$ValueIterator::next (8 bytes)
Event: 55.505 Thread 0x0000026b911c6c20 nmethod 3915 0x0000026b87dede90 code [0x0000026b87dee020, 0x0000026b87dee0f8]
Event: 55.505 Thread 0x0000026bd9bc5ba0 nmethod 3916 0x0000026b807fde10 code [0x0000026b807fdfc0, 0x0000026b807fe108]
Event: 55.508 Thread 0x0000026bd91654e0 3917       3       java.lang.invoke.LambdaFormEditor$TransformKey::of (49 bytes)
Event: 55.508 Thread 0x0000026bd9bc5ba0 3918       3       java.lang.invoke.LambdaFormEditor$TransformKey::packedBytes (32 bytes)
Event: 55.508 Thread 0x0000026bd9bc5ba0 nmethod 3918 0x0000026b807fe210 code [0x0000026b807fe3a0, 0x0000026b807fe4b8]
Event: 55.508 Thread 0x0000026bd91654e0 nmethod 3917 0x0000026b807fe590 code [0x0000026b807fe780, 0x0000026b807fedb8]
Event: 55.512 Thread 0x0000026bd91654e0 3919       1       java.lang.reflect.Field::getDeclaringClass (5 bytes)
Event: 55.512 Thread 0x0000026bd91654e0 nmethod 3919 0x0000026b87dee190 code [0x0000026b87dee320, 0x0000026b87dee3f8]
Event: 55.533 Thread 0x0000026b911c6c20 3920       1       groovy.lang.MetaProperty::getName (5 bytes)
Event: 55.533 Thread 0x0000026bd9bc5ba0 3921       3       org.codehaus.groovy.reflection.CachedMethod::getReturnType (8 bytes)
Event: 55.533 Thread 0x0000026bd91654e0 3922       3       java.beans.MethodRef::get (91 bytes)
Event: 55.533 Thread 0x0000026b911c6c20 nmethod 3920 0x0000026b87dee490 code [0x0000026b87dee620, 0x0000026b87dee6f8]
Event: 55.533 Thread 0x0000026bd9bc5ba0 nmethod 3921 0x0000026b807ff010 code [0x0000026b807ff1a0, 0x0000026b807ff2d8]
Event: 55.534 Thread 0x0000026bd91654e0 nmethod 3922 0x0000026b807ff390 code [0x0000026b807ff600, 0x0000026b808002a8]
Event: 55.535 Thread 0x0000026bd91654e0 3923       3       org.codehaus.groovy.util.ComplexKeyHashMap::hash (31 bytes)
Event: 55.535 Thread 0x0000026bd91654e0 nmethod 3923 0x0000026b80800610 code [0x0000026b808007a0, 0x0000026b808008b8]
Event: 55.535 Thread 0x0000026bd91654e0 3924       3       org.codehaus.groovy.util.SingleKeyHashMap::getOrPut (137 bytes)
Event: 55.536 Thread 0x0000026bd91654e0 nmethod 3924 0x0000026b80800990 code [0x0000026b80800bc0, 0x0000026b808017a8]
Event: 55.631 Thread 0x0000026b911c2000 3925       4       java.lang.ClassLoader::postDefineClass (39 bytes)

GC Heap History (10 events):
Event: 1.665 GC heap before
{Heap before GC invocations=0 (full 0):
 garbage-first heap   total 385024K, used 23552K [0x00000000a0000000, 0x0000000100000000)
  region size 1024K, 23 young (23552K), 0 survivors (0K)
 Metaspace       used 873K, committed 1024K, reserved 1114112K
  class space    used 63K, committed 128K, reserved 1048576K
}
Event: 1.968 GC heap after
{Heap after GC invocations=1 (full 0):
 garbage-first heap   total 385024K, used 1480K [0x00000000a0000000, 0x0000000100000000)
  region size 1024K, 2 young (2048K), 2 survivors (2048K)
 Metaspace       used 873K, committed 1024K, reserved 1114112K
  class space    used 63K, committed 128K, reserved 1048576K
}
Event: 4.326 GC heap before
{Heap before GC invocations=1 (full 0):
 garbage-first heap   total 385024K, used 41416K [0x00000000a0000000, 0x0000000100000000)
  region size 1024K, 38 young (38912K), 2 survivors (2048K)
 Metaspace       used 4417K, committed 4608K, reserved 1114112K
  class space    used 548K, committed 640K, reserved 1048576K
}
Event: 4.331 GC heap after
{Heap after GC invocations=2 (full 0):
 garbage-first heap   total 385024K, used 10691K [0x00000000a0000000, 0x0000000100000000)
  region size 1024K, 5 young (5120K), 5 survivors (5120K)
 Metaspace       used 4417K, committed 4608K, reserved 1114112K
  class space    used 548K, committed 640K, reserved 1048576K
}
Event: 7.837 GC heap before
{Heap before GC invocations=2 (full 0):
 garbage-first heap   total 385024K, used 73155K [0x00000000a0000000, 0x0000000100000000)
  region size 1024K, 64 young (65536K), 5 survivors (5120K)
 Metaspace       used 6882K, committed 7104K, reserved 1114112K
  class space    used 920K, committed 1024K, reserved 1048576K
}
Event: 7.852 GC heap after
{Heap after GC invocations=3 (full 0):
 garbage-first heap   total 385024K, used 17897K [0x00000000a0000000, 0x0000000100000000)
  region size 1024K, 6 young (6144K), 6 survivors (6144K)
 Metaspace       used 6882K, committed 7104K, reserved 1114112K
  class space    used 920K, committed 1024K, reserved 1048576K
}
Event: 49.316 GC heap before
{Heap before GC invocations=3 (full 0):
 garbage-first heap   total 385024K, used 115177K [0x00000000a0000000, 0x0000000100000000)
  region size 1024K, 102 young (104448K), 6 survivors (6144K)
 Metaspace       used 21126K, committed 21504K, reserved 1114112K
  class space    used 3057K, committed 3264K, reserved 1048576K
}
Event: 49.356 GC heap after
{Heap after GC invocations=4 (full 0):
 garbage-first heap   total 385024K, used 23755K [0x00000000a0000000, 0x0000000100000000)
  region size 1024K, 12 young (12288K), 12 survivors (12288K)
 Metaspace       used 21126K, committed 21504K, reserved 1114112K
  class space    used 3057K, committed 3264K, reserved 1048576K
}
Event: 53.218 GC heap before
{Heap before GC invocations=5 (full 0):
 garbage-first heap   total 96256K, used 67787K [0x00000000a0000000, 0x0000000100000000)
  region size 1024K, 56 young (57344K), 12 survivors (12288K)
 Metaspace       used 26608K, committed 27008K, reserved 1114112K
  class space    used 3917K, committed 4096K, reserved 1048576K
}
Event: 53.229 GC heap after
{Heap after GC invocations=6 (full 0):
 garbage-first heap   total 96256K, used 26324K [0x00000000a0000000, 0x0000000100000000)
  region size 1024K, 3 young (3072K), 3 survivors (3072K)
 Metaspace       used 26608K, committed 27008K, reserved 1114112K
  class space    used 3917K, committed 4096K, reserved 1048576K
}

Deoptimization events (20 events):
Event: 53.611 Thread 0x0000026bd7d31030 Uncommon trap: trap_request=0xffffffc6 fr.pc=0x0000026b87d6da94 relative=0x0000000000000614
Event: 53.611 Thread 0x0000026bd7d31030 Uncommon trap: reason=bimorphic_or_optimized_type_check action=maybe_recompile pc=0x0000026b87d6da94 method=java.io.BufferedInputStream.read([BII)I @ 101 c2
Event: 53.611 Thread 0x0000026bd7d31030 DEOPT PACKING pc=0x0000026b87d6da94 sp=0x000000d4e28f7d10
Event: 53.611 Thread 0x0000026bd7d31030 DEOPT UNPACKING pc=0x0000026b874a23a3 sp=0x000000d4e28f7cc8 mode 2
Event: 53.612 Thread 0x0000026bd7d31030 Uncommon trap: trap_request=0xffffffc6 fr.pc=0x0000026b87d6da94 relative=0x0000000000000614
Event: 53.612 Thread 0x0000026bd7d31030 Uncommon trap: reason=bimorphic_or_optimized_type_check action=maybe_recompile pc=0x0000026b87d6da94 method=java.io.BufferedInputStream.read([BII)I @ 101 c2
Event: 53.612 Thread 0x0000026bd7d31030 DEOPT PACKING pc=0x0000026b87d6da94 sp=0x000000d4e28f7d10
Event: 53.612 Thread 0x0000026bd7d31030 DEOPT UNPACKING pc=0x0000026b874a23a3 sp=0x000000d4e28f7cc8 mode 2
Event: 53.737 Thread 0x0000026bd7d31030 Uncommon trap: trap_request=0xffffff45 fr.pc=0x0000026b87d37400 relative=0x00000000000005a0
Event: 53.737 Thread 0x0000026bd7d31030 Uncommon trap: reason=unstable_if action=reinterpret pc=0x0000026b87d37400 method=jdk.internal.org.objectweb.asm.MethodWriter.visitVarInsn(II)V @ 108 c2
Event: 53.737 Thread 0x0000026bd7d31030 DEOPT PACKING pc=0x0000026b87d37400 sp=0x000000d4e28f0e90
Event: 53.737 Thread 0x0000026bd7d31030 DEOPT UNPACKING pc=0x0000026b874a23a3 sp=0x000000d4e28f0e58 mode 2
Event: 54.198 Thread 0x0000026bd7d31030 Uncommon trap: trap_request=0xffffff45 fr.pc=0x0000026b87c78dd0 relative=0x00000000000005b0
Event: 54.198 Thread 0x0000026bd7d31030 Uncommon trap: reason=unstable_if action=reinterpret pc=0x0000026b87c78dd0 method=java.util.Properties$LineReader.readLine()I @ 95 c2
Event: 54.198 Thread 0x0000026bd7d31030 DEOPT PACKING pc=0x0000026b87c78dd0 sp=0x000000d4e28f7d30
Event: 54.198 Thread 0x0000026bd7d31030 DEOPT UNPACKING pc=0x0000026b874a23a3 sp=0x000000d4e28f7ce0 mode 2
Event: 54.237 Thread 0x0000026bd7d31030 Uncommon trap: trap_request=0xffffff45 fr.pc=0x0000026b87d262d8 relative=0x00000000000020b8
Event: 54.237 Thread 0x0000026bd7d31030 Uncommon trap: reason=unstable_if action=reinterpret pc=0x0000026b87d262d8 method=java.lang.String.split(Ljava/lang/String;I)[Ljava/lang/String; @ 32 c2
Event: 54.237 Thread 0x0000026bd7d31030 DEOPT PACKING pc=0x0000026b87d262d8 sp=0x000000d4e28f7c90
Event: 54.237 Thread 0x0000026bd7d31030 DEOPT UNPACKING pc=0x0000026b874a23a3 sp=0x000000d4e28f7c48 mode 2

Classes unloaded (0 events):
No events

Classes redefined (0 events):
No events

Internal exceptions (20 events):
Event: 51.297 Thread 0x0000026bd7d31030 Exception <a 'java/lang/NoSuchMethodError'{0x00000000a2fc2778}: 'java.lang.Object java.lang.invoke.DirectMethodHandle$Holder.newInvokeSpecial(java.lang.Object, java.lang.Object, long)'> (0x00000000a2fc2778) 
thrown [s\open\src\hotspot\share\interpreter\linkResolver.cpp, line 759]
Event: 51.297 Thread 0x0000026bd7d31030 Exception <a 'java/lang/NoSuchMethodError'{0x00000000a2fc7030}: 'java.lang.Object java.lang.invoke.Invokers$Holder.linkToTargetMethod(java.lang.Object, long, java.lang.Object)'> (0x00000000a2fc7030) 
thrown [s\open\src\hotspot\share\interpreter\linkResolver.cpp, line 759]
Event: 51.502 Thread 0x0000026bd7d31030 Exception <a 'java/lang/NoSuchMethodError'{0x00000000a2cb7a98}: 'int java.lang.invoke.DirectMethodHandle$Holder.invokeInterface(java.lang.Object, java.lang.Object)'> (0x00000000a2cb7a98) 
thrown [s\open\src\hotspot\share\interpreter\linkResolver.cpp, line 759]
Event: 51.546 Thread 0x0000026bd7d31030 Exception <a 'java/lang/NoSuchMethodError'{0x00000000a2b49868}: 'java.lang.Object java.lang.invoke.DirectMethodHandle$Holder.invokeVirtual(java.lang.Object, java.lang.Object, int)'> (0x00000000a2b49868) 
thrown [s\open\src\hotspot\share\interpreter\linkResolver.cpp, line 759]
Event: 51.612 Thread 0x0000026bd7d31030 Exception <a 'java/lang/NoSuchMethodError'{0x00000000a2a14e00}: 'java.lang.Object java.lang.invoke.DirectMethodHandle$Holder.newInvokeSpecial(java.lang.Object, java.lang.Object, int, java.lang.Object)'> (0x00000000a2a14e00) 
thrown [s\open\src\hotspot\share\interpreter\linkResolver.cpp, line 759]
Event: 51.613 Thread 0x0000026bd7d31030 Exception <a 'java/lang/NoSuchMethodError'{0x00000000a2a196e8}: 'java.lang.Object java.lang.invoke.DirectMethodHandle$Holder.invokeSpecial(java.lang.Object, java.lang.Object, java.lang.Object, int, java.lang.Object)'> (0x00000000a2a196e8) 
thrown [s\open\src\hotspot\share\interpreter\linkResolver.cpp, line 759]
Event: 53.191 Thread 0x0000026bd7d31030 Exception <a 'java/lang/NoSuchMethodError'{0x00000000a26e0450}: 'java.lang.Object java.lang.invoke.DirectMethodHandle$Holder.invokeStaticInit(java.lang.Object, java.lang.Object, java.lang.Object, java.lang.Object, java.lang.Object, java.lang.Object, java.lang.Object)'> (0x00000000a26e0450) 
thrown [s\open\src\hotspot\share\interpreter\linkResolver.cpp, line 759]
Event: 53.233 Thread 0x0000026bd7d31030 Exception <a 'java/lang/NoSuchMethodError'{0x00000000b770a420}: 'java.lang.Object java.lang.invoke.DirectMethodHandle$Holder.invokeSpecial(java.lang.Object, java.lang.Object, java.lang.Object, int, java.lang.Object, java.lang.Object)'> (0x00000000b770a420) 
thrown [s\open\src\hotspot\share\interpreter\linkResolver.cpp, line 759]
Event: 53.737 Thread 0x0000026bd7d31030 Implicit null exception at 0x0000026b87d36f6a to 0x0000026b87d373f4
Event: 53.778 Thread 0x0000026bd7d31030 Exception <a 'java/lang/NoSuchMethodError'{0x00000000b0ff00f8}: 'java.lang.Object java.lang.invoke.DirectMethodHandle$Holder.invokeStaticInit(java.lang.Object, java.lang.Object, java.lang.Object)'> (0x00000000b0ff00f8) 
thrown [s\open\src\hotspot\share\interpreter\linkResolver.cpp, line 759]
Event: 53.871 Thread 0x0000026bd7d31030 Exception <a 'java/lang/NoSuchMethodError'{0x00000000b0d0efd8}: 'void java.lang.invoke.DirectMethodHandle$Holder.invokeStaticInit(java.lang.Object, java.lang.Object, java.lang.Object)'> (0x00000000b0d0efd8) 
thrown [s\open\src\hotspot\share\interpreter\linkResolver.cpp, line 759]
Event: 53.876 Thread 0x0000026bd7d31030 Exception <a 'java/lang/NoSuchMethodError'{0x00000000b0d34428}: 'void java.lang.invoke.DirectMethodHandle$Holder.invokeStaticInit(java.lang.Object, java.lang.Object, java.lang.Object, java.lang.Object, java.lang.Object)'> (0x00000000b0d34428) 
thrown [s\open\src\hotspot\share\interpreter\linkResolver.cpp, line 759]
Event: 53.891 Thread 0x0000026bd7d31030 Exception <a 'java/lang/NoSuchMethodError'{0x00000000b0da91e0}: 'int java.lang.invoke.DirectMethodHandle$Holder.invokeStaticInit(java.lang.Object, java.lang.Object, java.lang.Object, java.lang.Object)'> (0x00000000b0da91e0) 
thrown [s\open\src\hotspot\share\interpreter\linkResolver.cpp, line 759]
Event: 55.458 Thread 0x0000026bd7d31030 Exception <a 'java/lang/ClassNotFoundException'{0x00000000a49d8fa8}: groovy/lang/ExpandoMetaClassBeanInfo> (0x00000000a49d8fa8) 
thrown [s\open\src\hotspot\share\classfile\systemDictionary.cpp, line 256]
Event: 55.461 Thread 0x0000026bd7d31030 Exception <a 'java/lang/ClassNotFoundException'{0x00000000a49f1520}: groovy/lang/MetaClassImplBeanInfo> (0x00000000a49f1520) 
thrown [s\open\src\hotspot\share\classfile\systemDictionary.cpp, line 256]
Event: 55.462 Thread 0x0000026bd7d31030 Exception <a 'java/lang/ClassNotFoundException'{0x00000000a49f7548}: java/lang/ObjectBeanInfo> (0x00000000a49f7548) 
thrown [s\open\src\hotspot\share\classfile\systemDictionary.cpp, line 256]
Event: 55.467 Thread 0x0000026bd7d31030 Exception <a 'java/lang/ClassNotFoundException'{0x00000000a49fe7a8}: java/lang/ObjectCustomizer> (0x00000000a49fe7a8) 
thrown [s\open\src\hotspot\share\classfile\systemDictionary.cpp, line 256]
Event: 55.478 Thread 0x0000026bd7d31030 Exception <a 'java/lang/IncompatibleClassChangeError'{0x00000000a480ebf0}: Found class java.lang.Object, but interface was expected> (0x00000000a480ebf0) 
thrown [s\open\src\hotspot\share\interpreter\linkResolver.cpp, line 826]
Event: 55.492 Thread 0x0000026bd7d31030 Exception <a 'java/lang/ClassNotFoundException'{0x00000000a4835f40}: groovy/lang/MetaClassImplCustomizer> (0x00000000a4835f40) 
thrown [s\open\src\hotspot\share\classfile\systemDictionary.cpp, line 256]
Event: 55.500 Thread 0x0000026bd7d31030 Exception <a 'java/lang/ClassNotFoundException'{0x00000000a486cff0}: groovy/lang/ExpandoMetaClassCustomizer> (0x00000000a486cff0) 
thrown [s\open\src\hotspot\share\classfile\systemDictionary.cpp, line 256]

VM Operations (20 events):
Event: 51.341 Executing VM operation: HandshakeAllThreads
Event: 51.342 Executing VM operation: HandshakeAllThreads done
Event: 52.344 Executing VM operation: Cleanup
Event: 52.344 Executing VM operation: Cleanup done
Event: 52.920 Executing VM operation: HandshakeAllThreads
Event: 52.921 Executing VM operation: HandshakeAllThreads done
Event: 52.922 Executing VM operation: HandshakeAllThreads
Event: 52.922 Executing VM operation: HandshakeAllThreads done
Event: 53.218 Executing VM operation: G1CollectForAllocation
Event: 53.229 Executing VM operation: G1CollectForAllocation done
Event: 53.674 Executing VM operation: HandshakeAllThreads
Event: 53.719 Executing VM operation: HandshakeAllThreads done
Event: 54.734 Executing VM operation: Cleanup
Event: 54.782 Executing VM operation: Cleanup done
Event: 54.872 Executing VM operation: HandshakeAllThreads
Event: 54.872 Executing VM operation: HandshakeAllThreads done
Event: 55.179 Executing VM operation: HandshakeAllThreads
Event: 55.179 Executing VM operation: HandshakeAllThreads done
Event: 55.316 Executing VM operation: HandshakeAllThreads
Event: 55.316 Executing VM operation: HandshakeAllThreads done

Events (20 events):
Event: 55.486 loading class java/beans/GenericBeanInfo done
Event: 55.496 loading class java/util/Hashtable$EntrySet
Event: 55.497 loading class java/util/Hashtable$EntrySet done
Event: 55.513 loading class java/util/concurrent/locks/ReentrantReadWriteLock
Event: 55.515 loading class java/util/concurrent/locks/ReadWriteLock
Event: 55.515 loading class java/util/concurrent/locks/ReadWriteLock done
Event: 55.516 loading class java/util/concurrent/locks/ReentrantReadWriteLock done
Event: 55.539 loading class java/util/ServiceConfigurationError
Event: 55.545 loading class java/util/ServiceConfigurationError done
Event: 55.545 loading class java/util/concurrent/locks/ReentrantReadWriteLock$NonfairSync
Event: 55.547 loading class java/util/concurrent/locks/ReentrantReadWriteLock$Sync
Event: 55.550 loading class java/util/concurrent/locks/ReentrantReadWriteLock$Sync done
Event: 55.550 loading class java/util/concurrent/locks/ReentrantReadWriteLock$NonfairSync done
Event: 55.551 loading class java/util/concurrent/locks/ReentrantReadWriteLock$Sync$ThreadLocalHoldCounter
Event: 55.551 loading class java/util/concurrent/locks/ReentrantReadWriteLock$Sync$ThreadLocalHoldCounter done
Event: 55.551 loading class java/util/concurrent/locks/ReentrantReadWriteLock$ReadLock
Event: 55.551 loading class java/util/concurrent/locks/ReentrantReadWriteLock$ReadLock done
Event: 55.551 loading class java/util/concurrent/locks/ReentrantReadWriteLock$WriteLock
Event: 55.551 loading class java/util/concurrent/locks/ReentrantReadWriteLock$WriteLock done
Event: 55.631 Thread 0x0000026bda8d1930 Thread exited: 0x0000026bda8d1930


Dynamic libraries:
0x00007ff67dbd0000 - 0x00007ff67dbe0000 	C:\Program Files\Java\jdk-17\bin\java.exe
0x00007ff85e3e0000 - 0x00007ff85e647000 	C:\WINDOWS\SYSTEM32\ntdll.dll
0x00007ff85d7b0000 - 0x00007ff85d87b000 	C:\WINDOWS\System32\KERNEL32.DLL
0x00007ff85baa0000 - 0x00007ff85bea2000 	C:\WINDOWS\System32\KERNELBASE.dll
0x00007ff85bee0000 - 0x00007ff85c02c000 	C:\WINDOWS\System32\ucrtbase.dll
0x00007ff82c2b0000 - 0x00007ff82c2c9000 	C:\Program Files\Java\jdk-17\bin\jli.dll
0x00007ff85d6d0000 - 0x00007ff85d78c000 	C:\WINDOWS\System32\ADVAPI32.dll
0x00007ff85e2f0000 - 0x00007ff85e399000 	C:\WINDOWS\System32\msvcrt.dll
0x00007ff85e080000 - 0x00007ff85e129000 	C:\WINDOWS\System32\sechost.dll
0x00007ff85d9a0000 - 0x00007ff85dab8000 	C:\WINDOWS\System32\RPCRT4.dll
0x00007ff85d4f0000 - 0x00007ff85d6bf000 	C:\WINDOWS\System32\USER32.dll
0x00007ff85beb0000 - 0x00007ff85bed7000 	C:\WINDOWS\System32\win32u.dll
0x00007ff85dbc0000 - 0x00007ff85dbeb000 	C:\WINDOWS\System32\GDI32.dll
0x00007ff85b5e0000 - 0x00007ff85b709000 	C:\WINDOWS\System32\gdi32full.dll
0x00007ff85b710000 - 0x00007ff85b7b3000 	C:\WINDOWS\System32\msvcp_win.dll
0x00007ff826940000 - 0x00007ff82695b000 	C:\Program Files\Java\jdk-17\bin\VCRUNTIME140.dll
0x00007ff846430000 - 0x00007ff8466c0000 	C:\WINDOWS\WinSxS\amd64_microsoft.windows.common-controls_6595b64144ccf1df_6.0.26100.9278_none_3e0d1ba8e3303201\COMCTL32.dll
0x00007ff854080000 - 0x00007ff85408b000 	C:\WINDOWS\SYSTEM32\VERSION.dll
0x00007ff85c100000 - 0x00007ff85c131000 	C:\WINDOWS\System32\IMM32.DLL
0x00007ff82c2a0000 - 0x00007ff82c2ac000 	C:\Program Files\Java\jdk-17\bin\vcruntime140_1.dll
0x00007ff8068a0000 - 0x00007ff80692e000 	C:\Program Files\Java\jdk-17\bin\msvcp140.dll
0x00007fffab7d0000 - 0x00007fffac3b0000 	C:\Program Files\Java\jdk-17\bin\server\jvm.dll
0x00007ff85d7a0000 - 0x00007ff85d7a8000 	C:\WINDOWS\System32\PSAPI.DLL
0x00007ff826930000 - 0x00007ff82693a000 	C:\WINDOWS\SYSTEM32\WSOCK32.dll
0x00007ff85e260000 - 0x00007ff85e2e0000 	C:\WINDOWS\System32\WS2_32.dll
0x00007ff850480000 - 0x00007ff8504b6000 	C:\WINDOWS\SYSTEM32\WINMM.dll
0x00007ff85a2b0000 - 0x00007ff85a2cb000 	C:\WINDOWS\SYSTEM32\kernel.appcore.dll
0x00007ff81ffa0000 - 0x00007ff81ffaa000 	C:\Program Files\Java\jdk-17\bin\jimage.dll
0x00007ff853160000 - 0x00007ff8533ac000 	C:\WINDOWS\SYSTEM32\DBGHELP.DLL
0x00007ff85d150000 - 0x00007ff85d4d5000 	C:\WINDOWS\System32\combase.dll
0x00007ff85dcc0000 - 0x00007ff85dd99000 	C:\WINDOWS\System32\OLEAUT32.dll
0x00007ff8439c0000 - 0x00007ff8439fb000 	C:\WINDOWS\SYSTEM32\dbgcore.DLL
0x00007ff85b7c0000 - 0x00007ff85b86c000 	C:\WINDOWS\System32\bcryptPrimitives.dll
0x00007ff81ff90000 - 0x00007ff81ff9e000 	C:\Program Files\Java\jdk-17\bin\instrument.dll
0x00007ff81be70000 - 0x00007ff81be95000 	C:\Program Files\Java\jdk-17\bin\java.dll
0x00007ff801c40000 - 0x00007ff801d17000 	C:\Program Files\Java\jdk-17\bin\jsvml.dll
0x00007ff85c9b0000 - 0x00007ff85d148000 	C:\WINDOWS\System32\SHELL32.dll
0x00007ff859010000 - 0x00007ff8598be000 	C:\WINDOWS\SYSTEM32\windows.storage.dll
0x00007ff85dac0000 - 0x00007ff85dbbb000 	C:\WINDOWS\System32\SHCORE.dll
0x00007ff85c140000 - 0x00007ff85c1a6000 	C:\WINDOWS\System32\shlwapi.dll
0x00007ff85b500000 - 0x00007ff85b529000 	C:\WINDOWS\SYSTEM32\profapi.dll
0x00007ff81ce70000 - 0x00007ff81ce88000 	C:\Program Files\Java\jdk-17\bin\zip.dll
0x00007ff81be50000 - 0x00007ff81be69000 	C:\Program Files\Java\jdk-17\bin\net.dll
0x00007ff8544e0000 - 0x00007ff85460a000 	C:\WINDOWS\SYSTEM32\WINHTTP.dll
0x00007ff85a870000 - 0x00007ff85a8dc000 	C:\WINDOWS\system32\mswsock.dll
0x00007ff81be30000 - 0x00007ff81be46000 	C:\Program Files\Java\jdk-17\bin\nio.dll
0x00007ff81ff80000 - 0x00007ff81ff90000 	C:\Program Files\Java\jdk-17\bin\verify.dll
0x00007fff9fd60000 - 0x00007fff9fd87000 	C:\Users\rajba\.gradle\native\1def1411415f61bf3af743bc5b6707747c0891f09f0c88961ee8f79bc544acac\windows-amd64\native-platform.dll
0x00007fff8a0c0000 - 0x00007fff8a138000 	C:\Users\rajba\.gradle\native\0.2.7\x86_64-windows-gnu\gradle-fileevents.dll
0x00007ff80f400000 - 0x00007ff80f40a000 	C:\Program Files\Java\jdk-17\bin\management.dll
0x00007ff807f60000 - 0x00007ff807f6b000 	C:\Program Files\Java\jdk-17\bin\management_ext.dll
0x00007ff859c40000 - 0x00007ff859c73000 	C:\WINDOWS\SYSTEM32\IPHLPAPI.DLL
0x00007ff85e130000 - 0x00007ff85e13a000 	C:\WINDOWS\System32\NSI.dll
0x00007ff854780000 - 0x00007ff85479d000 	C:\WINDOWS\SYSTEM32\dhcpcsvc6.DLL
0x00007ff854610000 - 0x00007ff854635000 	C:\WINDOWS\SYSTEM32\dhcpcsvc.DLL
0x00007ff859c80000 - 0x00007ff859dd8000 	C:\WINDOWS\SYSTEM32\DNSAPI.dll
0x00007ff85a650000 - 0x00007ff85a65d000 	C:\WINDOWS\SYSTEM32\DSPARSE.dll
0x00007ff85ab80000 - 0x00007ff85ab9b000 	C:\WINDOWS\SYSTEM32\CRYPTSP.dll
0x00007ff85a210000 - 0x00007ff85a249000 	C:\WINDOWS\system32\rsaenh.dll
0x00007ff85a920000 - 0x00007ff85a954000 	C:\WINDOWS\SYSTEM32\USERENV.dll
0x00007ff85b4d0000 - 0x00007ff85b4fa000 	C:\WINDOWS\SYSTEM32\bcrypt.dll
0x00007ff85ab60000 - 0x00007ff85ab6c000 	C:\WINDOWS\SYSTEM32\CRYPTBASE.dll
0x00007ff81be20000 - 0x00007ff81be2e000 	C:\Program Files\Java\jdk-17\bin\sunmscapi.dll
0x00007ff85b910000 - 0x00007ff85ba8e000 	C:\WINDOWS\System32\CRYPT32.dll
0x00007ff85ada0000 - 0x00007ff85add0000 	C:\WINDOWS\SYSTEM32\ncrypt.dll
0x00007ff85ad50000 - 0x00007ff85ad8f000 	C:\WINDOWS\SYSTEM32\NTASN1.dll
0x00007ff8290a0000 - 0x00007ff8290a8000 	C:\WINDOWS\system32\wshunix.dll

dbghelp: loaded successfully - version: 4.0.5 - missing functions: none
symbol engine: initialized successfully - sym options: 0x614 - pdb path: .;C:\Program Files\Java\jdk-17\bin;C:\WINDOWS\SYSTEM32;C:\WINDOWS\WinSxS\amd64_microsoft.windows.common-controls_6595b64144ccf1df_6.0.26100.9278_none_3e0d1ba8e3303201;C:\Program Files\Java\jdk-17\bin\server;C:\Users\rajba\.gradle\native\1def1411415f61bf3af743bc5b6707747c0891f09f0c88961ee8f79bc544acac\windows-amd64;C:\Users\rajba\.gradle\native\0.2.7\x86_64-windows-gnu

VM Arguments:
jvm_args: --add-opens=java.base/java.lang=ALL-UNNAMED --add-opens=java.base/java.lang.invoke=ALL-UNNAMED --add-opens=java.base/java.util=ALL-UNNAMED --add-opens=java.prefs/java.util.prefs=ALL-UNNAMED --add-exports=jdk.compiler/com.sun.tools.javac.api=ALL-UNNAMED --add-exports=jdk.compiler/com.sun.tools.javac.util=ALL-UNNAMED --add-opens=java.base/java.util=ALL-UNNAMED --add-opens=java.prefs/java.util.prefs=ALL-UNNAMED --add-opens=java.base/java.nio.charset=ALL-UNNAMED --add-opens=java.base/java.net=ALL-UNNAMED --add-opens=java.base/java.util.concurrent.atomic=ALL-UNNAMED --add-opens=java.xml/javax.xml.namespace=ALL-UNNAMED -Xmx1536m -Dfile.encoding=UTF-8 -Duser.country=IN -Duser.language=en -Duser.variant -javaagent:C:\Users\rajba\.gradle\wrapper\dists\gradle-8.14.3-all\10utluxaxniiv4wxiphsi49nj\gradle-8.14.3\lib\agents\gradle-instrumentation-agent-8.14.3.jar 
java_command: org.gradle.launcher.daemon.bootstrap.GradleDaemon 8.14.3
java_class_path (initial): C:\Users\rajba\.gradle\wrapper\dists\gradle-8.14.3-all\10utluxaxniiv4wxiphsi49nj\gradle-8.14.3\lib\gradle-daemon-main-8.14.3.jar
Launcher Type: SUN_STANDARD

[Global flags]
     intx CICompilerCount                          = 12                                        {product} {ergonomic}
     uint ConcGCThreads                            = 3                                         {product} {ergonomic}
     uint G1ConcRefinementThreads                  = 13                                        {product} {ergonomic}
   size_t G1HeapRegionSize                         = 1048576                                   {product} {ergonomic}
    uintx GCDrainStackTargetSize                   = 64                                        {product} {ergonomic}
   size_t InitialHeapSize                          = 394264576                                 {product} {ergonomic}
   size_t MarkStackSize                            = 4194304                                   {product} {ergonomic}
   size_t MaxHeapSize                              = 1610612736                                {product} {command line}
   size_t MaxNewSize                               = 965738496                                 {product} {ergonomic}
   size_t MinHeapDeltaBytes                        = 1048576                                   {product} {ergonomic}
   size_t MinHeapSize                              = 8388608                                   {product} {ergonomic}
    uintx NonNMethodCodeHeapSize                   = 7602480                                {pd product} {ergonomic}
    uintx NonProfiledCodeHeapSize                  = 122027880                              {pd product} {ergonomic}
    uintx ProfiledCodeHeapSize                     = 122027880                              {pd product} {ergonomic}
    uintx ReservedCodeCacheSize                    = 251658240                              {pd product} {ergonomic}
     bool SegmentedCodeCache                       = true                                      {product} {ergonomic}
   size_t SoftMaxHeapSize                          = 1610612736                             {manageable} {ergonomic}
     bool UseCompressedClassPointers               = true                           {product lp64_product} {ergonomic}
     bool UseCompressedOops                        = true                           {product lp64_product} {ergonomic}
     bool UseG1GC                                  = true                                      {product} {ergonomic}
     bool UseLargePagesIndividualAllocation        = false                                  {pd product} {ergonomic}

Logging:
Log output configuration:
 #0: stdout all=warning uptime,level,tags
 #1: stderr all=off uptime,level,tags

Environment Variables:
JAVA_HOME=C:\Program Files\Java\jdk-17
PATH=C:\Program Files (x86)\Common Files\Oracle\Java\javapath;C:\Perl64\site\bin;C:\Perl64\bin;C:\Python313\Scripts\;C:\Python313\;C:\Windows\system32;C:\Windows;C:\Windows\System32\Wbem;C:\Windows\System32\WindowsPowerShell\v1.0\;C:\Windows\System32\OpenSSH\;C:\Program Files (x86)\NVIDIA Corporation\PhysX\Common;C:\WINDOWS\system32;C:\WINDOWS;C:\WINDOWS\System32\Wbem;C:\WINDOWS\System32\WindowsPowerShell\v1.0\;C:\WINDOWS\System32\OpenSSH\;C:\Program Files\dotnet\;C:\Program Files\NVIDIA Corporation\NVIDIA app\NvDLISR;C:\Program Files\nodejs\;C:\ProgramData\chocolatey\bin;C:\msys64\ucrt64\bin;C:\WINDOWS\syswow64\config\systemprofile\AppData\Local\Muse Hub\lib;C:\Program Files\Git\cmd;C:\Program Files\Git\mingw64\bin;C:\Program Files\Git\usr\bin;C:\consul;D:\PROJECT\Angular\raj\Connecto\api-gateway-microservice;C:\Apache\Maven\apache-maven-3.9.11\bin;C:\Program Files\Java\jdk-17;C:\Program Files\Java\jdk-17\bin;C:\Program Files\Wireshark;C:\Program Files\PostgreSQL\18\pgAdmin 4\runtime;C:\Users\rajba\anaconda3;C:\Users\rajba\anaconda3\Library\mingw-w64\bin;C:\Users\rajba\anaconda3\Library\usr\bin;C:\Users\rajba\anaconda3\Library\bin;C:\Users\rajba\anaconda3\Scripts;C:\Users\rajba\AppData\Local\Microsoft\WindowsApps;C:\Users\rajba\AppData\Local\Programs\Microsoft VS Code\bin;C:\Users\rajba\AppData\Local\Muse Hub\lib;C:\Users\rajba\AppData\Roaming\npm;C:\msys64\ucrt64\bin;C:\Python313\Scripts;C:\Users\rajba\AppData\Roaming\Python\Python313\Scripts;D:\CODES\PYTHON\New folder\.venv\Scripts;C:\Program Files\Java\jdk-17;C:\Users\rajba\AppData\Local\Programs\Antigravity\bin;C:\Users\rajba\AppData\Local\Programs\Antigravity IDE\bin;C:\Users\rajba\flutter\bin
USERNAME=rajba
OS=Windows_NT
PROCESSOR_IDENTIFIER=AMD64 Family 23 Model 96 Stepping 1, AuthenticAMD



---------------  S Y S T E M  ---------------

OS:
 Windows 11 , 64 bit Build 26100 (10.0.26100.9444)
OS uptime: 0 days 2:22 hours
Hyper-V role detected

CPU: total 16 (initial active 16) (16 cores per cpu, 2 threads per core) family 23 model 96 stepping 1 microcode 0x8600106, cx8, cmov, fxsr, ht, mmx, 3dnowpref, sse, sse2, sse3, ssse3, sse4a, sse4.1, sse4.2, popcnt, lzcnt, tsc, tscinvbit, avx, avx2, aes, clmul, bmi1, bmi2, adx, sha, fma, vzeroupper, clflush, clflushopt, hv

Memory: 4k page, system-wide physical 23981M (1607M free)
TotalPageFile size 55839M (AvailPageFile size 4050M)
current process WorkingSet (physical memory assigned to process): 238M, peak: 243M
current process commit charge ("private bytes"): 304M, peak: 558M

vm_info: Java HotSpot(TM) 64-Bit Server VM (17.0.12+8-LTS-286) for windows-amd64 JRE (17.0.12+8-LTS-286), built on Jun  5 2024 06:46:59 by "mach5one" with MS VC++ 17.6 (VS2022)

END.
